Timing Analyzer report for ultrasonic_sensor3_1
Fri Mar 24 21:11:33 2023
Quartus Prime Version 18.0.0 Build 614 04/24/2018 SJ Standard Edition


---------------------
; Table of Contents ;
---------------------
  1. Legal Notice
  2. Timing Analyzer Summary
  3. Parallel Compilation
  4. Clocks
  5. Fmax Summary
  6. Setup Summary
  7. Hold Summary
  8. Recovery Summary
  9. Removal Summary
 10. Minimum Pulse Width Summary
 11. Setup: 'spi:m2|sclk'
 12. Setup: 'gclk'
 13. Hold: 'gclk'
 14. Hold: 'spi:m2|sclk'
 15. Setup Transfers
 16. Hold Transfers
 17. Report TCCS
 18. Report RSKM
 19. Unconstrained Paths Summary
 20. Clock Status Summary
 21. Unconstrained Input Ports
 22. Unconstrained Output Ports
 23. Unconstrained Input Ports
 24. Unconstrained Output Ports
 25. Timing Analyzer Messages



----------------
; Legal Notice ;
----------------
Copyright (C) 2018  Intel Corporation. All rights reserved.
Your use of Intel Corporation's design tools, logic functions 
and other software and tools, and its AMPP partner logic 
functions, and any output files from any of the foregoing 
(including device programming or simulation files), and any 
associated documentation or information are expressly subject 
to the terms and conditions of the Intel Program License 
Subscription Agreement, the Intel Quartus Prime License Agreement,
the Intel FPGA IP License Agreement, or other applicable license
agreement, including, without limitation, that your use is for
the sole purpose of programming logic devices manufactured by
Intel and sold by Intel or its authorized distributors.  Please
refer to the applicable agreement for further details.



+---------------------------------------------------------------------------------+
; Timing Analyzer Summary                                                         ;
+-----------------------+---------------------------------------------------------+
; Quartus Prime Version ; Version 18.0.0 Build 614 04/24/2018 SJ Standard Edition ;
; Timing Analyzer       ; Legacy Timing Analyzer                                  ;
; Revision Name         ; ultrasonic_sensor3_1                                    ;
; Device Family         ; MAX II                                                  ;
; Device Name           ; EPM240T100C5                                            ;
; Timing Models         ; Final                                                   ;
; Delay Model           ; Slow Model                                              ;
; Rise/Fall Delays      ; Unavailable                                             ;
+-----------------------+---------------------------------------------------------+


+------------------------------------------+
; Parallel Compilation                     ;
+----------------------------+-------------+
; Processors                 ; Number      ;
+----------------------------+-------------+
; Number detected on machine ; 12          ;
; Maximum allowed            ; 6           ;
;                            ;             ;
; Average used               ; 1.00        ;
; Maximum used               ; 2           ;
;                            ;             ;
; Usage by Processor         ; % Time Used ;
;     Processor 1            ; 100.0%      ;
;     Processor 2            ;   0.0%      ;
+----------------------------+-------------+


+------------------------------------------------------------------------------------------------------------------------------------------------------------------------------------------+
; Clocks                                                                                                                                                                                   ;
+-------------+------+--------+------------+-------+-------+------------+-----------+-------------+-------+--------+-----------+------------+----------+--------+--------+-----------------+
; Clock Name  ; Type ; Period ; Frequency  ; Rise  ; Fall  ; Duty Cycle ; Divide by ; Multiply by ; Phase ; Offset ; Edge List ; Edge Shift ; Inverted ; Master ; Source ; Targets         ;
+-------------+------+--------+------------+-------+-------+------------+-----------+-------------+-------+--------+-----------+------------+----------+--------+--------+-----------------+
; gclk        ; Base ; 1.000  ; 1000.0 MHz ; 0.000 ; 0.500 ;            ;           ;             ;       ;        ;           ;            ;          ;        ;        ; { gclk }        ;
; spi:m2|sclk ; Base ; 1.000  ; 1000.0 MHz ; 0.000 ; 0.500 ;            ;           ;             ;       ;        ;           ;            ;          ;        ;        ; { spi:m2|sclk } ;
+-------------+------+--------+------------+-------+-------+------------+-----------+-------------+-------+--------+-----------+------------+----------+--------+--------+-----------------+


+---------------------------------------------------+
; Fmax Summary                                      ;
+------------+-----------------+-------------+------+
; Fmax       ; Restricted Fmax ; Clock Name  ; Note ;
+------------+-----------------+-------------+------+
; 123.26 MHz ; 123.26 MHz      ; spi:m2|sclk ;      ;
; 165.84 MHz ; 165.84 MHz      ; gclk        ;      ;
+------------+-----------------+-------------+------+
This panel reports FMAX for every clock in the design, regardless of the user-specified clock periods.  FMAX is only computed for paths where the source and destination registers or ports are driven by the same clock.  Paths of different clocks, including generated clocks, are ignored.  For paths between a clock and its inversion, FMAX is computed as if the rising and falling edges are scaled along with FMAX, such that the duty cycle (in terms of a percentage) is maintained. Altera recommends that you always use clock constraints and other slack reports for sign-off analysis.


+---------------------------------------+
; Setup Summary                         ;
+-------------+---------+---------------+
; Clock       ; Slack   ; End Point TNS ;
+-------------+---------+---------------+
; spi:m2|sclk ; -12.004 ; -185.013      ;
; gclk        ; -5.030  ; -144.411      ;
+-------------+---------+---------------+


+--------------------------------------+
; Hold Summary                         ;
+-------------+--------+---------------+
; Clock       ; Slack  ; End Point TNS ;
+-------------+--------+---------------+
; gclk        ; -1.617 ; -1.617        ;
; spi:m2|sclk ; 2.151  ; 0.000         ;
+-------------+--------+---------------+


--------------------
; Recovery Summary ;
--------------------
No paths to report.


-------------------
; Removal Summary ;
-------------------
No paths to report.


+--------------------------------------+
; Minimum Pulse Width Summary          ;
+-------------+--------+---------------+
; Clock       ; Slack  ; End Point TNS ;
+-------------+--------+---------------+
; gclk        ; -2.289 ; -2.289        ;
; spi:m2|sclk ; 0.234  ; 0.000         ;
+-------------+--------+---------------+


+----------------------------------------------------------------------------------------------------------------------------+
; Setup: 'spi:m2|sclk'                                                                                                       ;
+---------+--------------------+-----------------------+--------------+-------------+--------------+------------+------------+
; Slack   ; From Node          ; To Node               ; Launch Clock ; Latch Clock ; Relationship ; Clock Skew ; Data Delay ;
+---------+--------------------+-----------------------+--------------+-------------+--------------+------------+------------+
; -12.004 ; spi:m2|SPI_CNT[17] ; spi:m2|DATA_SHIFT[10] ; gclk         ; spi:m2|sclk ; 1.000        ; 0.318      ; 12.989     ;
; -11.985 ; spi:m2|SPI_CNT[17] ; spi:m2|DATA_SHIFT[13] ; gclk         ; spi:m2|sclk ; 1.000        ; 0.318      ; 12.970     ;
; -11.842 ; spi:m2|SPI_CNT[19] ; spi:m2|DATA_SHIFT[10] ; gclk         ; spi:m2|sclk ; 1.000        ; 0.318      ; 12.827     ;
; -11.823 ; spi:m2|SPI_CNT[19] ; spi:m2|DATA_SHIFT[13] ; gclk         ; spi:m2|sclk ; 1.000        ; 0.318      ; 12.808     ;
; -11.818 ; spi:m2|SPI_CNT[14] ; spi:m2|DATA_SHIFT[10] ; gclk         ; spi:m2|sclk ; 1.000        ; 0.318      ; 12.803     ;
; -11.799 ; spi:m2|SPI_CNT[14] ; spi:m2|DATA_SHIFT[13] ; gclk         ; spi:m2|sclk ; 1.000        ; 0.318      ; 12.784     ;
; -11.556 ; spi:m2|SPI_CNT[13] ; spi:m2|DATA_SHIFT[10] ; gclk         ; spi:m2|sclk ; 1.000        ; 0.318      ; 12.541     ;
; -11.549 ; spi:m2|SPI_CNT[17] ; spi:m2|DATA_SHIFT[8]  ; gclk         ; spi:m2|sclk ; 1.000        ; 0.318      ; 12.534     ;
; -11.548 ; spi:m2|SPI_CNT[18] ; spi:m2|DATA_SHIFT[10] ; gclk         ; spi:m2|sclk ; 1.000        ; 0.318      ; 12.533     ;
; -11.545 ; spi:m2|SPI_CNT[11] ; spi:m2|DATA_SHIFT[10] ; gclk         ; spi:m2|sclk ; 1.000        ; 0.318      ; 12.530     ;
; -11.540 ; spi:m2|SPI_CNT[17] ; spi:m2|DATA_SHIFT[15] ; gclk         ; spi:m2|sclk ; 1.000        ; 0.318      ; 12.525     ;
; -11.537 ; spi:m2|SPI_CNT[13] ; spi:m2|DATA_SHIFT[13] ; gclk         ; spi:m2|sclk ; 1.000        ; 0.318      ; 12.522     ;
; -11.529 ; spi:m2|SPI_CNT[18] ; spi:m2|DATA_SHIFT[13] ; gclk         ; spi:m2|sclk ; 1.000        ; 0.318      ; 12.514     ;
; -11.526 ; spi:m2|SPI_CNT[11] ; spi:m2|DATA_SHIFT[13] ; gclk         ; spi:m2|sclk ; 1.000        ; 0.318      ; 12.511     ;
; -11.475 ; spi:m2|SPI_CNT[12] ; spi:m2|DATA_SHIFT[10] ; gclk         ; spi:m2|sclk ; 1.000        ; 0.318      ; 12.460     ;
; -11.456 ; spi:m2|SPI_CNT[12] ; spi:m2|DATA_SHIFT[13] ; gclk         ; spi:m2|sclk ; 1.000        ; 0.318      ; 12.441     ;
; -11.454 ; spi:m2|SPI_CNT[7]  ; spi:m2|DATA_SHIFT[10] ; gclk         ; spi:m2|sclk ; 1.000        ; 0.318      ; 12.439     ;
; -11.435 ; spi:m2|SPI_CNT[7]  ; spi:m2|DATA_SHIFT[13] ; gclk         ; spi:m2|sclk ; 1.000        ; 0.318      ; 12.420     ;
; -11.387 ; spi:m2|SPI_CNT[19] ; spi:m2|DATA_SHIFT[8]  ; gclk         ; spi:m2|sclk ; 1.000        ; 0.318      ; 12.372     ;
; -11.378 ; spi:m2|SPI_CNT[19] ; spi:m2|DATA_SHIFT[15] ; gclk         ; spi:m2|sclk ; 1.000        ; 0.318      ; 12.363     ;
; -11.363 ; spi:m2|SPI_CNT[14] ; spi:m2|DATA_SHIFT[8]  ; gclk         ; spi:m2|sclk ; 1.000        ; 0.318      ; 12.348     ;
; -11.354 ; spi:m2|SPI_CNT[14] ; spi:m2|DATA_SHIFT[15] ; gclk         ; spi:m2|sclk ; 1.000        ; 0.318      ; 12.339     ;
; -11.290 ; spi:m2|SPI_CNT[4]  ; spi:m2|DATA_SHIFT[10] ; gclk         ; spi:m2|sclk ; 1.000        ; 0.318      ; 12.275     ;
; -11.271 ; spi:m2|SPI_CNT[4]  ; spi:m2|DATA_SHIFT[13] ; gclk         ; spi:m2|sclk ; 1.000        ; 0.318      ; 12.256     ;
; -11.215 ; spi:m2|SPI_CNT[16] ; spi:m2|DATA_SHIFT[10] ; gclk         ; spi:m2|sclk ; 1.000        ; 0.318      ; 12.200     ;
; -11.196 ; spi:m2|SPI_CNT[16] ; spi:m2|DATA_SHIFT[13] ; gclk         ; spi:m2|sclk ; 1.000        ; 0.318      ; 12.181     ;
; -11.186 ; spi:m2|SPI_CNT[15] ; spi:m2|DATA_SHIFT[10] ; gclk         ; spi:m2|sclk ; 1.000        ; 0.318      ; 12.171     ;
; -11.167 ; spi:m2|SPI_CNT[15] ; spi:m2|DATA_SHIFT[13] ; gclk         ; spi:m2|sclk ; 1.000        ; 0.318      ; 12.152     ;
; -11.152 ; spi:m2|SPI_CNT[6]  ; spi:m2|DATA_SHIFT[10] ; gclk         ; spi:m2|sclk ; 1.000        ; 0.318      ; 12.137     ;
; -11.133 ; spi:m2|SPI_CNT[6]  ; spi:m2|DATA_SHIFT[13] ; gclk         ; spi:m2|sclk ; 1.000        ; 0.318      ; 12.118     ;
; -11.118 ; spi:m2|SPI_CNT[17] ; spi:m2|DATA_SHIFT[0]  ; gclk         ; spi:m2|sclk ; 1.000        ; 0.318      ; 12.103     ;
; -11.101 ; spi:m2|SPI_CNT[13] ; spi:m2|DATA_SHIFT[8]  ; gclk         ; spi:m2|sclk ; 1.000        ; 0.318      ; 12.086     ;
; -11.093 ; spi:m2|SPI_CNT[18] ; spi:m2|DATA_SHIFT[8]  ; gclk         ; spi:m2|sclk ; 1.000        ; 0.318      ; 12.078     ;
; -11.092 ; spi:m2|SPI_CNT[13] ; spi:m2|DATA_SHIFT[15] ; gclk         ; spi:m2|sclk ; 1.000        ; 0.318      ; 12.077     ;
; -11.090 ; spi:m2|SPI_CNT[11] ; spi:m2|DATA_SHIFT[8]  ; gclk         ; spi:m2|sclk ; 1.000        ; 0.318      ; 12.075     ;
; -11.084 ; spi:m2|SPI_CNT[18] ; spi:m2|DATA_SHIFT[15] ; gclk         ; spi:m2|sclk ; 1.000        ; 0.318      ; 12.069     ;
; -11.081 ; spi:m2|SPI_CNT[11] ; spi:m2|DATA_SHIFT[15] ; gclk         ; spi:m2|sclk ; 1.000        ; 0.318      ; 12.066     ;
; -11.020 ; spi:m2|SPI_CNT[12] ; spi:m2|DATA_SHIFT[8]  ; gclk         ; spi:m2|sclk ; 1.000        ; 0.318      ; 12.005     ;
; -11.011 ; spi:m2|SPI_CNT[12] ; spi:m2|DATA_SHIFT[15] ; gclk         ; spi:m2|sclk ; 1.000        ; 0.318      ; 11.996     ;
; -10.999 ; spi:m2|SPI_CNT[7]  ; spi:m2|DATA_SHIFT[8]  ; gclk         ; spi:m2|sclk ; 1.000        ; 0.318      ; 11.984     ;
; -10.990 ; spi:m2|SPI_CNT[7]  ; spi:m2|DATA_SHIFT[15] ; gclk         ; spi:m2|sclk ; 1.000        ; 0.318      ; 11.975     ;
; -10.956 ; spi:m2|SPI_CNT[19] ; spi:m2|DATA_SHIFT[0]  ; gclk         ; spi:m2|sclk ; 1.000        ; 0.318      ; 11.941     ;
; -10.932 ; spi:m2|SPI_CNT[14] ; spi:m2|DATA_SHIFT[0]  ; gclk         ; spi:m2|sclk ; 1.000        ; 0.318      ; 11.917     ;
; -10.847 ; spi:m2|SPI_CNT[5]  ; spi:m2|DATA_SHIFT[10] ; gclk         ; spi:m2|sclk ; 1.000        ; 0.318      ; 11.832     ;
; -10.835 ; spi:m2|SPI_CNT[4]  ; spi:m2|DATA_SHIFT[8]  ; gclk         ; spi:m2|sclk ; 1.000        ; 0.318      ; 11.820     ;
; -10.828 ; spi:m2|SPI_CNT[5]  ; spi:m2|DATA_SHIFT[13] ; gclk         ; spi:m2|sclk ; 1.000        ; 0.318      ; 11.813     ;
; -10.826 ; spi:m2|SPI_CNT[4]  ; spi:m2|DATA_SHIFT[15] ; gclk         ; spi:m2|sclk ; 1.000        ; 0.318      ; 11.811     ;
; -10.813 ; spi:m2|SPI_CNT[10] ; spi:m2|DATA_SHIFT[10] ; gclk         ; spi:m2|sclk ; 1.000        ; 0.318      ; 11.798     ;
; -10.794 ; spi:m2|SPI_CNT[10] ; spi:m2|DATA_SHIFT[13] ; gclk         ; spi:m2|sclk ; 1.000        ; 0.318      ; 11.779     ;
; -10.760 ; spi:m2|SPI_CNT[16] ; spi:m2|DATA_SHIFT[8]  ; gclk         ; spi:m2|sclk ; 1.000        ; 0.318      ; 11.745     ;
; -10.751 ; spi:m2|SPI_CNT[16] ; spi:m2|DATA_SHIFT[15] ; gclk         ; spi:m2|sclk ; 1.000        ; 0.318      ; 11.736     ;
; -10.731 ; spi:m2|SPI_CNT[15] ; spi:m2|DATA_SHIFT[8]  ; gclk         ; spi:m2|sclk ; 1.000        ; 0.318      ; 11.716     ;
; -10.722 ; spi:m2|SPI_CNT[15] ; spi:m2|DATA_SHIFT[15] ; gclk         ; spi:m2|sclk ; 1.000        ; 0.318      ; 11.707     ;
; -10.707 ; spi:m2|SPI_CNT[8]  ; spi:m2|DATA_SHIFT[10] ; gclk         ; spi:m2|sclk ; 1.000        ; 0.318      ; 11.692     ;
; -10.697 ; spi:m2|SPI_CNT[6]  ; spi:m2|DATA_SHIFT[8]  ; gclk         ; spi:m2|sclk ; 1.000        ; 0.318      ; 11.682     ;
; -10.688 ; spi:m2|SPI_CNT[8]  ; spi:m2|DATA_SHIFT[13] ; gclk         ; spi:m2|sclk ; 1.000        ; 0.318      ; 11.673     ;
; -10.688 ; spi:m2|SPI_CNT[6]  ; spi:m2|DATA_SHIFT[15] ; gclk         ; spi:m2|sclk ; 1.000        ; 0.318      ; 11.673     ;
; -10.670 ; spi:m2|SPI_CNT[13] ; spi:m2|DATA_SHIFT[0]  ; gclk         ; spi:m2|sclk ; 1.000        ; 0.318      ; 11.655     ;
; -10.662 ; spi:m2|SPI_CNT[18] ; spi:m2|DATA_SHIFT[0]  ; gclk         ; spi:m2|sclk ; 1.000        ; 0.318      ; 11.647     ;
; -10.659 ; spi:m2|SPI_CNT[11] ; spi:m2|DATA_SHIFT[0]  ; gclk         ; spi:m2|sclk ; 1.000        ; 0.318      ; 11.644     ;
; -10.589 ; spi:m2|SPI_CNT[12] ; spi:m2|DATA_SHIFT[0]  ; gclk         ; spi:m2|sclk ; 1.000        ; 0.318      ; 11.574     ;
; -10.568 ; spi:m2|SPI_CNT[7]  ; spi:m2|DATA_SHIFT[0]  ; gclk         ; spi:m2|sclk ; 1.000        ; 0.318      ; 11.553     ;
; -10.438 ; spi:m2|SPI_CNT[9]  ; spi:m2|DATA_SHIFT[10] ; gclk         ; spi:m2|sclk ; 1.000        ; 0.318      ; 11.423     ;
; -10.419 ; spi:m2|SPI_CNT[9]  ; spi:m2|DATA_SHIFT[13] ; gclk         ; spi:m2|sclk ; 1.000        ; 0.318      ; 11.404     ;
; -10.404 ; spi:m2|SPI_CNT[4]  ; spi:m2|DATA_SHIFT[0]  ; gclk         ; spi:m2|sclk ; 1.000        ; 0.318      ; 11.389     ;
; -10.392 ; spi:m2|SPI_CNT[5]  ; spi:m2|DATA_SHIFT[8]  ; gclk         ; spi:m2|sclk ; 1.000        ; 0.318      ; 11.377     ;
; -10.383 ; spi:m2|SPI_CNT[5]  ; spi:m2|DATA_SHIFT[15] ; gclk         ; spi:m2|sclk ; 1.000        ; 0.318      ; 11.368     ;
; -10.358 ; spi:m2|SPI_CNT[10] ; spi:m2|DATA_SHIFT[8]  ; gclk         ; spi:m2|sclk ; 1.000        ; 0.318      ; 11.343     ;
; -10.349 ; spi:m2|SPI_CNT[10] ; spi:m2|DATA_SHIFT[15] ; gclk         ; spi:m2|sclk ; 1.000        ; 0.318      ; 11.334     ;
; -10.329 ; spi:m2|SPI_CNT[16] ; spi:m2|DATA_SHIFT[0]  ; gclk         ; spi:m2|sclk ; 1.000        ; 0.318      ; 11.314     ;
; -10.300 ; spi:m2|SPI_CNT[15] ; spi:m2|DATA_SHIFT[0]  ; gclk         ; spi:m2|sclk ; 1.000        ; 0.318      ; 11.285     ;
; -10.266 ; spi:m2|SPI_CNT[6]  ; spi:m2|DATA_SHIFT[0]  ; gclk         ; spi:m2|sclk ; 1.000        ; 0.318      ; 11.251     ;
; -10.252 ; spi:m2|SPI_CNT[8]  ; spi:m2|DATA_SHIFT[8]  ; gclk         ; spi:m2|sclk ; 1.000        ; 0.318      ; 11.237     ;
; -10.243 ; spi:m2|SPI_CNT[8]  ; spi:m2|DATA_SHIFT[15] ; gclk         ; spi:m2|sclk ; 1.000        ; 0.318      ; 11.228     ;
; -10.051 ; spi:m2|SPI_CNT[17] ; spi:m2|DATA_SHIFT[5]  ; gclk         ; spi:m2|sclk ; 1.000        ; 0.318      ; 11.036     ;
; -10.041 ; spi:m2|SPI_CNT[17] ; spi:m2|DATA_SHIFT[2]  ; gclk         ; spi:m2|sclk ; 1.000        ; 0.318      ; 11.026     ;
; -9.983  ; spi:m2|SPI_CNT[9]  ; spi:m2|DATA_SHIFT[8]  ; gclk         ; spi:m2|sclk ; 1.000        ; 0.318      ; 10.968     ;
; -9.974  ; spi:m2|SPI_CNT[9]  ; spi:m2|DATA_SHIFT[15] ; gclk         ; spi:m2|sclk ; 1.000        ; 0.318      ; 10.959     ;
; -9.961  ; spi:m2|SPI_CNT[5]  ; spi:m2|DATA_SHIFT[0]  ; gclk         ; spi:m2|sclk ; 1.000        ; 0.318      ; 10.946     ;
; -9.927  ; spi:m2|SPI_CNT[10] ; spi:m2|DATA_SHIFT[0]  ; gclk         ; spi:m2|sclk ; 1.000        ; 0.318      ; 10.912     ;
; -9.889  ; spi:m2|SPI_CNT[19] ; spi:m2|DATA_SHIFT[5]  ; gclk         ; spi:m2|sclk ; 1.000        ; 0.318      ; 10.874     ;
; -9.879  ; spi:m2|SPI_CNT[19] ; spi:m2|DATA_SHIFT[2]  ; gclk         ; spi:m2|sclk ; 1.000        ; 0.318      ; 10.864     ;
; -9.865  ; spi:m2|SPI_CNT[14] ; spi:m2|DATA_SHIFT[5]  ; gclk         ; spi:m2|sclk ; 1.000        ; 0.318      ; 10.850     ;
; -9.855  ; spi:m2|SPI_CNT[14] ; spi:m2|DATA_SHIFT[2]  ; gclk         ; spi:m2|sclk ; 1.000        ; 0.318      ; 10.840     ;
; -9.821  ; spi:m2|SPI_CNT[8]  ; spi:m2|DATA_SHIFT[0]  ; gclk         ; spi:m2|sclk ; 1.000        ; 0.318      ; 10.806     ;
; -9.671  ; spi:m2|SPI_CNT[2]  ; spi:m2|DATA_SHIFT[10] ; gclk         ; spi:m2|sclk ; 1.000        ; 0.318      ; 10.656     ;
; -9.652  ; spi:m2|SPI_CNT[2]  ; spi:m2|DATA_SHIFT[13] ; gclk         ; spi:m2|sclk ; 1.000        ; 0.318      ; 10.637     ;
; -9.603  ; spi:m2|SPI_CNT[13] ; spi:m2|DATA_SHIFT[5]  ; gclk         ; spi:m2|sclk ; 1.000        ; 0.318      ; 10.588     ;
; -9.595  ; spi:m2|SPI_CNT[18] ; spi:m2|DATA_SHIFT[5]  ; gclk         ; spi:m2|sclk ; 1.000        ; 0.318      ; 10.580     ;
; -9.593  ; spi:m2|SPI_CNT[13] ; spi:m2|DATA_SHIFT[2]  ; gclk         ; spi:m2|sclk ; 1.000        ; 0.318      ; 10.578     ;
; -9.592  ; spi:m2|SPI_CNT[11] ; spi:m2|DATA_SHIFT[5]  ; gclk         ; spi:m2|sclk ; 1.000        ; 0.318      ; 10.577     ;
; -9.585  ; spi:m2|SPI_CNT[18] ; spi:m2|DATA_SHIFT[2]  ; gclk         ; spi:m2|sclk ; 1.000        ; 0.318      ; 10.570     ;
; -9.582  ; spi:m2|SPI_CNT[11] ; spi:m2|DATA_SHIFT[2]  ; gclk         ; spi:m2|sclk ; 1.000        ; 0.318      ; 10.567     ;
; -9.552  ; spi:m2|SPI_CNT[9]  ; spi:m2|DATA_SHIFT[0]  ; gclk         ; spi:m2|sclk ; 1.000        ; 0.318      ; 10.537     ;
; -9.522  ; spi:m2|SPI_CNT[12] ; spi:m2|DATA_SHIFT[5]  ; gclk         ; spi:m2|sclk ; 1.000        ; 0.318      ; 10.507     ;
; -9.512  ; spi:m2|SPI_CNT[12] ; spi:m2|DATA_SHIFT[2]  ; gclk         ; spi:m2|sclk ; 1.000        ; 0.318      ; 10.497     ;
; -9.501  ; spi:m2|SPI_CNT[7]  ; spi:m2|DATA_SHIFT[5]  ; gclk         ; spi:m2|sclk ; 1.000        ; 0.318      ; 10.486     ;
; -9.491  ; spi:m2|SPI_CNT[7]  ; spi:m2|DATA_SHIFT[2]  ; gclk         ; spi:m2|sclk ; 1.000        ; 0.318      ; 10.476     ;
; -9.337  ; spi:m2|SPI_CNT[4]  ; spi:m2|DATA_SHIFT[5]  ; gclk         ; spi:m2|sclk ; 1.000        ; 0.318      ; 10.322     ;
; -9.327  ; spi:m2|SPI_CNT[4]  ; spi:m2|DATA_SHIFT[2]  ; gclk         ; spi:m2|sclk ; 1.000        ; 0.318      ; 10.312     ;
+---------+--------------------+-----------------------+--------------+-------------+--------------+------------+------------+


+------------------------------------------------------------------------------------------------------------------------+
; Setup: 'gclk'                                                                                                          ;
+--------+--------------------+--------------------+--------------+-------------+--------------+------------+------------+
; Slack  ; From Node          ; To Node            ; Launch Clock ; Latch Clock ; Relationship ; Clock Skew ; Data Delay ;
+--------+--------------------+--------------------+--------------+-------------+--------------+------------+------------+
; -5.030 ; spi:m2|SPI_CNT[0]  ; spi:m2|SPI_CNT[10] ; gclk         ; gclk        ; 1.000        ; 0.000      ; 5.697      ;
; -5.030 ; spi:m2|SPI_CNT[0]  ; spi:m2|SPI_CNT[11] ; gclk         ; gclk        ; 1.000        ; 0.000      ; 5.697      ;
; -5.030 ; spi:m2|SPI_CNT[0]  ; spi:m2|SPI_CNT[12] ; gclk         ; gclk        ; 1.000        ; 0.000      ; 5.697      ;
; -5.030 ; spi:m2|SPI_CNT[0]  ; spi:m2|SPI_CNT[13] ; gclk         ; gclk        ; 1.000        ; 0.000      ; 5.697      ;
; -5.030 ; spi:m2|SPI_CNT[0]  ; spi:m2|SPI_CNT[14] ; gclk         ; gclk        ; 1.000        ; 0.000      ; 5.697      ;
; -5.023 ; spi:m2|CNT[0]      ; spi:m2|DONE_CNT[0] ; spi:m2|sclk  ; gclk        ; 1.000        ; -0.318     ; 5.372      ;
; -5.023 ; spi:m2|CNT[0]      ; spi:m2|DONE_CNT[1] ; spi:m2|sclk  ; gclk        ; 1.000        ; -0.318     ; 5.372      ;
; -5.023 ; spi:m2|CNT[0]      ; spi:m2|DONE_CNT[4] ; spi:m2|sclk  ; gclk        ; 1.000        ; -0.318     ; 5.372      ;
; -5.023 ; spi:m2|CNT[0]      ; spi:m2|DONE_CNT[2] ; spi:m2|sclk  ; gclk        ; 1.000        ; -0.318     ; 5.372      ;
; -5.023 ; spi:m2|CNT[0]      ; spi:m2|DONE_CNT[3] ; spi:m2|sclk  ; gclk        ; 1.000        ; -0.318     ; 5.372      ;
; -5.017 ; spi:m2|SPI_CNT[0]  ; spi:m2|SPI_CNT[15] ; gclk         ; gclk        ; 1.000        ; 0.000      ; 5.684      ;
; -5.017 ; spi:m2|SPI_CNT[0]  ; spi:m2|SPI_CNT[16] ; gclk         ; gclk        ; 1.000        ; 0.000      ; 5.684      ;
; -5.017 ; spi:m2|SPI_CNT[0]  ; spi:m2|SPI_CNT[17] ; gclk         ; gclk        ; 1.000        ; 0.000      ; 5.684      ;
; -5.017 ; spi:m2|SPI_CNT[0]  ; spi:m2|SPI_CNT[18] ; gclk         ; gclk        ; 1.000        ; 0.000      ; 5.684      ;
; -5.017 ; spi:m2|SPI_CNT[0]  ; spi:m2|SPI_CNT[19] ; gclk         ; gclk        ; 1.000        ; 0.000      ; 5.684      ;
; -4.868 ; spi:m2|CNT[3]      ; spi:m2|DONE_CNT[0] ; spi:m2|sclk  ; gclk        ; 1.000        ; -0.318     ; 5.217      ;
; -4.868 ; spi:m2|CNT[3]      ; spi:m2|DONE_CNT[1] ; spi:m2|sclk  ; gclk        ; 1.000        ; -0.318     ; 5.217      ;
; -4.868 ; spi:m2|CNT[3]      ; spi:m2|DONE_CNT[4] ; spi:m2|sclk  ; gclk        ; 1.000        ; -0.318     ; 5.217      ;
; -4.868 ; spi:m2|CNT[3]      ; spi:m2|DONE_CNT[2] ; spi:m2|sclk  ; gclk        ; 1.000        ; -0.318     ; 5.217      ;
; -4.868 ; spi:m2|CNT[3]      ; spi:m2|DONE_CNT[3] ; spi:m2|sclk  ; gclk        ; 1.000        ; -0.318     ; 5.217      ;
; -4.704 ; spi:m2|CNT[4]      ; spi:m2|DONE_CNT[0] ; spi:m2|sclk  ; gclk        ; 1.000        ; -0.318     ; 5.053      ;
; -4.704 ; spi:m2|CNT[4]      ; spi:m2|DONE_CNT[1] ; spi:m2|sclk  ; gclk        ; 1.000        ; -0.318     ; 5.053      ;
; -4.704 ; spi:m2|CNT[4]      ; spi:m2|DONE_CNT[4] ; spi:m2|sclk  ; gclk        ; 1.000        ; -0.318     ; 5.053      ;
; -4.704 ; spi:m2|CNT[4]      ; spi:m2|DONE_CNT[2] ; spi:m2|sclk  ; gclk        ; 1.000        ; -0.318     ; 5.053      ;
; -4.704 ; spi:m2|CNT[4]      ; spi:m2|DONE_CNT[3] ; spi:m2|sclk  ; gclk        ; 1.000        ; -0.318     ; 5.053      ;
; -4.535 ; spi:m2|CNT[1]      ; spi:m2|DONE_CNT[0] ; spi:m2|sclk  ; gclk        ; 1.000        ; -0.318     ; 4.884      ;
; -4.535 ; spi:m2|CNT[1]      ; spi:m2|DONE_CNT[1] ; spi:m2|sclk  ; gclk        ; 1.000        ; -0.318     ; 4.884      ;
; -4.535 ; spi:m2|CNT[1]      ; spi:m2|DONE_CNT[4] ; spi:m2|sclk  ; gclk        ; 1.000        ; -0.318     ; 4.884      ;
; -4.535 ; spi:m2|CNT[1]      ; spi:m2|DONE_CNT[2] ; spi:m2|sclk  ; gclk        ; 1.000        ; -0.318     ; 4.884      ;
; -4.535 ; spi:m2|CNT[1]      ; spi:m2|DONE_CNT[3] ; spi:m2|sclk  ; gclk        ; 1.000        ; -0.318     ; 4.884      ;
; -4.484 ; spi:m2|CNT[2]      ; spi:m2|DONE_CNT[0] ; spi:m2|sclk  ; gclk        ; 1.000        ; -0.318     ; 4.833      ;
; -4.484 ; spi:m2|CNT[2]      ; spi:m2|DONE_CNT[1] ; spi:m2|sclk  ; gclk        ; 1.000        ; -0.318     ; 4.833      ;
; -4.484 ; spi:m2|CNT[2]      ; spi:m2|DONE_CNT[4] ; spi:m2|sclk  ; gclk        ; 1.000        ; -0.318     ; 4.833      ;
; -4.484 ; spi:m2|CNT[2]      ; spi:m2|DONE_CNT[2] ; spi:m2|sclk  ; gclk        ; 1.000        ; -0.318     ; 4.833      ;
; -4.484 ; spi:m2|CNT[2]      ; spi:m2|DONE_CNT[3] ; spi:m2|sclk  ; gclk        ; 1.000        ; -0.318     ; 4.833      ;
; -4.422 ; spi:m2|SPI_CNT[0]  ; spi:m2|SPI_CNT[5]  ; gclk         ; gclk        ; 1.000        ; 0.000      ; 5.089      ;
; -4.422 ; spi:m2|SPI_CNT[0]  ; spi:m2|SPI_CNT[6]  ; gclk         ; gclk        ; 1.000        ; 0.000      ; 5.089      ;
; -4.422 ; spi:m2|SPI_CNT[0]  ; spi:m2|SPI_CNT[7]  ; gclk         ; gclk        ; 1.000        ; 0.000      ; 5.089      ;
; -4.422 ; spi:m2|SPI_CNT[0]  ; spi:m2|SPI_CNT[8]  ; gclk         ; gclk        ; 1.000        ; 0.000      ; 5.089      ;
; -4.422 ; spi:m2|SPI_CNT[0]  ; spi:m2|SPI_CNT[9]  ; gclk         ; gclk        ; 1.000        ; 0.000      ; 5.089      ;
; -4.362 ; spi:m2|SPI_CNT[5]  ; spi:m2|SPI_CNT[10] ; gclk         ; gclk        ; 1.000        ; 0.000      ; 5.029      ;
; -4.362 ; spi:m2|SPI_CNT[5]  ; spi:m2|SPI_CNT[11] ; gclk         ; gclk        ; 1.000        ; 0.000      ; 5.029      ;
; -4.362 ; spi:m2|SPI_CNT[5]  ; spi:m2|SPI_CNT[12] ; gclk         ; gclk        ; 1.000        ; 0.000      ; 5.029      ;
; -4.362 ; spi:m2|SPI_CNT[5]  ; spi:m2|SPI_CNT[13] ; gclk         ; gclk        ; 1.000        ; 0.000      ; 5.029      ;
; -4.362 ; spi:m2|SPI_CNT[5]  ; spi:m2|SPI_CNT[14] ; gclk         ; gclk        ; 1.000        ; 0.000      ; 5.029      ;
; -4.361 ; spi:m2|CNT[5]      ; spi:m2|DONE_CNT[0] ; spi:m2|sclk  ; gclk        ; 1.000        ; -0.318     ; 4.710      ;
; -4.361 ; spi:m2|CNT[5]      ; spi:m2|DONE_CNT[1] ; spi:m2|sclk  ; gclk        ; 1.000        ; -0.318     ; 4.710      ;
; -4.361 ; spi:m2|CNT[5]      ; spi:m2|DONE_CNT[4] ; spi:m2|sclk  ; gclk        ; 1.000        ; -0.318     ; 4.710      ;
; -4.361 ; spi:m2|CNT[5]      ; spi:m2|DONE_CNT[2] ; spi:m2|sclk  ; gclk        ; 1.000        ; -0.318     ; 4.710      ;
; -4.361 ; spi:m2|CNT[5]      ; spi:m2|DONE_CNT[3] ; spi:m2|sclk  ; gclk        ; 1.000        ; -0.318     ; 4.710      ;
; -4.349 ; spi:m2|SPI_CNT[5]  ; spi:m2|SPI_CNT[15] ; gclk         ; gclk        ; 1.000        ; 0.000      ; 5.016      ;
; -4.349 ; spi:m2|SPI_CNT[5]  ; spi:m2|SPI_CNT[16] ; gclk         ; gclk        ; 1.000        ; 0.000      ; 5.016      ;
; -4.349 ; spi:m2|SPI_CNT[5]  ; spi:m2|SPI_CNT[17] ; gclk         ; gclk        ; 1.000        ; 0.000      ; 5.016      ;
; -4.349 ; spi:m2|SPI_CNT[5]  ; spi:m2|SPI_CNT[18] ; gclk         ; gclk        ; 1.000        ; 0.000      ; 5.016      ;
; -4.349 ; spi:m2|SPI_CNT[5]  ; spi:m2|SPI_CNT[19] ; gclk         ; gclk        ; 1.000        ; 0.000      ; 5.016      ;
; -4.205 ; spi:m2|SPI_CNT[3]  ; spi:m2|SPI_CNT[10] ; gclk         ; gclk        ; 1.000        ; 0.000      ; 4.872      ;
; -4.205 ; spi:m2|SPI_CNT[3]  ; spi:m2|SPI_CNT[11] ; gclk         ; gclk        ; 1.000        ; 0.000      ; 4.872      ;
; -4.205 ; spi:m2|SPI_CNT[3]  ; spi:m2|SPI_CNT[12] ; gclk         ; gclk        ; 1.000        ; 0.000      ; 4.872      ;
; -4.205 ; spi:m2|SPI_CNT[3]  ; spi:m2|SPI_CNT[13] ; gclk         ; gclk        ; 1.000        ; 0.000      ; 4.872      ;
; -4.205 ; spi:m2|SPI_CNT[3]  ; spi:m2|SPI_CNT[14] ; gclk         ; gclk        ; 1.000        ; 0.000      ; 4.872      ;
; -4.201 ; spi:m2|SCLK_CNT[0] ; spi:m2|SCLK_CNT[4] ; gclk         ; gclk        ; 1.000        ; 0.000      ; 4.868      ;
; -4.192 ; spi:m2|SPI_CNT[3]  ; spi:m2|SPI_CNT[15] ; gclk         ; gclk        ; 1.000        ; 0.000      ; 4.859      ;
; -4.192 ; spi:m2|SPI_CNT[3]  ; spi:m2|SPI_CNT[16] ; gclk         ; gclk        ; 1.000        ; 0.000      ; 4.859      ;
; -4.192 ; spi:m2|SPI_CNT[3]  ; spi:m2|SPI_CNT[17] ; gclk         ; gclk        ; 1.000        ; 0.000      ; 4.859      ;
; -4.192 ; spi:m2|SPI_CNT[3]  ; spi:m2|SPI_CNT[18] ; gclk         ; gclk        ; 1.000        ; 0.000      ; 4.859      ;
; -4.192 ; spi:m2|SPI_CNT[3]  ; spi:m2|SPI_CNT[19] ; gclk         ; gclk        ; 1.000        ; 0.000      ; 4.859      ;
; -4.107 ; spi:m2|SCLK_CNT[0] ; spi:m2|SCLK_CNT[2] ; gclk         ; gclk        ; 1.000        ; 0.000      ; 4.774      ;
; -4.039 ; spi:m2|SPI_CNT[6]  ; spi:m2|SPI_CNT[10] ; gclk         ; gclk        ; 1.000        ; 0.000      ; 4.706      ;
; -4.039 ; spi:m2|SPI_CNT[6]  ; spi:m2|SPI_CNT[11] ; gclk         ; gclk        ; 1.000        ; 0.000      ; 4.706      ;
; -4.039 ; spi:m2|SPI_CNT[6]  ; spi:m2|SPI_CNT[12] ; gclk         ; gclk        ; 1.000        ; 0.000      ; 4.706      ;
; -4.039 ; spi:m2|SPI_CNT[6]  ; spi:m2|SPI_CNT[13] ; gclk         ; gclk        ; 1.000        ; 0.000      ; 4.706      ;
; -4.039 ; spi:m2|SPI_CNT[6]  ; spi:m2|SPI_CNT[14] ; gclk         ; gclk        ; 1.000        ; 0.000      ; 4.706      ;
; -4.026 ; spi:m2|SPI_CNT[6]  ; spi:m2|SPI_CNT[15] ; gclk         ; gclk        ; 1.000        ; 0.000      ; 4.693      ;
; -4.026 ; spi:m2|SPI_CNT[6]  ; spi:m2|SPI_CNT[16] ; gclk         ; gclk        ; 1.000        ; 0.000      ; 4.693      ;
; -4.026 ; spi:m2|SPI_CNT[6]  ; spi:m2|SPI_CNT[17] ; gclk         ; gclk        ; 1.000        ; 0.000      ; 4.693      ;
; -4.026 ; spi:m2|SPI_CNT[6]  ; spi:m2|SPI_CNT[18] ; gclk         ; gclk        ; 1.000        ; 0.000      ; 4.693      ;
; -4.026 ; spi:m2|SPI_CNT[6]  ; spi:m2|SPI_CNT[19] ; gclk         ; gclk        ; 1.000        ; 0.000      ; 4.693      ;
; -3.970 ; spi:m2|SCLK_CNT[0] ; spi:m2|SCLK_CNT[3] ; gclk         ; gclk        ; 1.000        ; 0.000      ; 4.637      ;
; -3.966 ; spi:m2|SCLK_CNT[2] ; spi:m2|SCLK_CNT[4] ; gclk         ; gclk        ; 1.000        ; 0.000      ; 4.633      ;
; -3.955 ; spi:m2|SPI_CNT[0]  ; spi:m2|SPI_CNT[4]  ; gclk         ; gclk        ; 1.000        ; 0.000      ; 4.622      ;
; -3.942 ; spi:m2|SCLK_CNT[2] ; spi:m2|sclk        ; gclk         ; gclk        ; 1.000        ; 0.000      ; 4.609      ;
; -3.914 ; spi:m2|SPI_CNT[4]  ; spi:m2|SPI_CNT[10] ; gclk         ; gclk        ; 1.000        ; 0.000      ; 4.581      ;
; -3.914 ; spi:m2|SPI_CNT[4]  ; spi:m2|SPI_CNT[11] ; gclk         ; gclk        ; 1.000        ; 0.000      ; 4.581      ;
; -3.914 ; spi:m2|SPI_CNT[4]  ; spi:m2|SPI_CNT[12] ; gclk         ; gclk        ; 1.000        ; 0.000      ; 4.581      ;
; -3.914 ; spi:m2|SPI_CNT[4]  ; spi:m2|SPI_CNT[13] ; gclk         ; gclk        ; 1.000        ; 0.000      ; 4.581      ;
; -3.914 ; spi:m2|SPI_CNT[4]  ; spi:m2|SPI_CNT[14] ; gclk         ; gclk        ; 1.000        ; 0.000      ; 4.581      ;
; -3.901 ; spi:m2|SPI_CNT[4]  ; spi:m2|SPI_CNT[15] ; gclk         ; gclk        ; 1.000        ; 0.000      ; 4.568      ;
; -3.901 ; spi:m2|SPI_CNT[4]  ; spi:m2|SPI_CNT[16] ; gclk         ; gclk        ; 1.000        ; 0.000      ; 4.568      ;
; -3.901 ; spi:m2|SPI_CNT[4]  ; spi:m2|SPI_CNT[17] ; gclk         ; gclk        ; 1.000        ; 0.000      ; 4.568      ;
; -3.901 ; spi:m2|SPI_CNT[4]  ; spi:m2|SPI_CNT[18] ; gclk         ; gclk        ; 1.000        ; 0.000      ; 4.568      ;
; -3.901 ; spi:m2|SPI_CNT[4]  ; spi:m2|SPI_CNT[19] ; gclk         ; gclk        ; 1.000        ; 0.000      ; 4.568      ;
; -3.878 ; spi:m2|SCLK_CNT[1] ; spi:m2|SCLK_CNT[4] ; gclk         ; gclk        ; 1.000        ; 0.000      ; 4.545      ;
; -3.848 ; spi:m2|SPI_CNT[1]  ; spi:m2|SPI_CNT[10] ; gclk         ; gclk        ; 1.000        ; 0.000      ; 4.515      ;
; -3.848 ; spi:m2|SPI_CNT[1]  ; spi:m2|SPI_CNT[11] ; gclk         ; gclk        ; 1.000        ; 0.000      ; 4.515      ;
; -3.848 ; spi:m2|SPI_CNT[1]  ; spi:m2|SPI_CNT[12] ; gclk         ; gclk        ; 1.000        ; 0.000      ; 4.515      ;
; -3.848 ; spi:m2|SPI_CNT[1]  ; spi:m2|SPI_CNT[13] ; gclk         ; gclk        ; 1.000        ; 0.000      ; 4.515      ;
; -3.848 ; spi:m2|SPI_CNT[1]  ; spi:m2|SPI_CNT[14] ; gclk         ; gclk        ; 1.000        ; 0.000      ; 4.515      ;
; -3.835 ; spi:m2|SPI_CNT[1]  ; spi:m2|SPI_CNT[15] ; gclk         ; gclk        ; 1.000        ; 0.000      ; 4.502      ;
; -3.835 ; spi:m2|SPI_CNT[1]  ; spi:m2|SPI_CNT[16] ; gclk         ; gclk        ; 1.000        ; 0.000      ; 4.502      ;
; -3.835 ; spi:m2|SPI_CNT[1]  ; spi:m2|SPI_CNT[17] ; gclk         ; gclk        ; 1.000        ; 0.000      ; 4.502      ;
+--------+--------------------+--------------------+--------------+-------------+--------------+------------+------------+


+------------------------------------------------------------------------------------------------------------------------+
; Hold: 'gclk'                                                                                                           ;
+--------+--------------------+--------------------+--------------+-------------+--------------+------------+------------+
; Slack  ; From Node          ; To Node            ; Launch Clock ; Latch Clock ; Relationship ; Clock Skew ; Data Delay ;
+--------+--------------------+--------------------+--------------+-------------+--------------+------------+------------+
; -1.617 ; spi:m2|sclk        ; spi:m2|sclk        ; spi:m2|sclk  ; gclk        ; 0.000        ; 3.348      ; 2.328      ;
; -1.117 ; spi:m2|sclk        ; spi:m2|sclk        ; spi:m2|sclk  ; gclk        ; -0.500       ; 3.348      ; 2.328      ;
; 1.646  ; spi:m2|SCLK_CNT[4] ; spi:m2|SCLK_CNT[2] ; gclk         ; gclk        ; 0.000        ; 0.000      ; 1.867      ;
; 1.659  ; spi:m2|SPI_CNT[19] ; spi:m2|SPI_CNT[19] ; gclk         ; gclk        ; 0.000        ; 0.000      ; 1.880      ;
; 1.659  ; spi:m2|DONE_CNT[4] ; spi:m2|DONE_CNT[4] ; gclk         ; gclk        ; 0.000        ; 0.000      ; 1.880      ;
; 1.664  ; spi:m2|WORK        ; spi:m2|nss         ; gclk         ; gclk        ; 0.000        ; 0.000      ; 1.885      ;
; 1.925  ; spi:m2|DONE_CNT[2] ; spi:m2|done        ; gclk         ; gclk        ; 0.000        ; 0.000      ; 2.146      ;
; 2.043  ; spi:m2|SCLK_CNT[0] ; spi:m2|SCLK_CNT[0] ; gclk         ; gclk        ; 0.000        ; 0.000      ; 2.264      ;
; 2.108  ; spi:m2|SPI_CNT[7]  ; spi:m2|SPI_CNT[7]  ; gclk         ; gclk        ; 0.000        ; 0.000      ; 2.329      ;
; 2.110  ; spi:m2|SPI_CNT[0]  ; spi:m2|SPI_CNT[0]  ; gclk         ; gclk        ; 0.000        ; 0.000      ; 2.331      ;
; 2.116  ; spi:m2|SPI_CNT[10] ; spi:m2|SPI_CNT[10] ; gclk         ; gclk        ; 0.000        ; 0.000      ; 2.337      ;
; 2.117  ; spi:m2|SPI_CNT[17] ; spi:m2|SPI_CNT[17] ; gclk         ; gclk        ; 0.000        ; 0.000      ; 2.338      ;
; 2.126  ; spi:m2|SPI_CNT[2]  ; spi:m2|SPI_CNT[2]  ; gclk         ; gclk        ; 0.000        ; 0.000      ; 2.347      ;
; 2.126  ; spi:m2|SPI_CNT[1]  ; spi:m2|SPI_CNT[1]  ; gclk         ; gclk        ; 0.000        ; 0.000      ; 2.347      ;
; 2.126  ; spi:m2|SPI_CNT[9]  ; spi:m2|SPI_CNT[9]  ; gclk         ; gclk        ; 0.000        ; 0.000      ; 2.347      ;
; 2.126  ; spi:m2|SPI_CNT[11] ; spi:m2|SPI_CNT[11] ; gclk         ; gclk        ; 0.000        ; 0.000      ; 2.347      ;
; 2.126  ; spi:m2|SPI_CNT[12] ; spi:m2|SPI_CNT[12] ; gclk         ; gclk        ; 0.000        ; 0.000      ; 2.347      ;
; 2.127  ; spi:m2|DONE_CNT[2] ; spi:m2|DONE_CNT[2] ; gclk         ; gclk        ; 0.000        ; 0.000      ; 2.348      ;
; 2.132  ; spi:m2|DONE_CNT[4] ; spi:m2|done        ; gclk         ; gclk        ; 0.000        ; 0.000      ; 2.353      ;
; 2.172  ; spi:m2|SCLK_CNT[3] ; spi:m2|SCLK_CNT[2] ; gclk         ; gclk        ; 0.000        ; 0.000      ; 2.393      ;
; 2.221  ; spi:m2|SPI_CNT[13] ; spi:m2|SPI_CNT[13] ; gclk         ; gclk        ; 0.000        ; 0.000      ; 2.442      ;
; 2.221  ; spi:m2|SPI_CNT[18] ; spi:m2|SPI_CNT[18] ; gclk         ; gclk        ; 0.000        ; 0.000      ; 2.442      ;
; 2.230  ; spi:m2|SPI_CNT[15] ; spi:m2|SPI_CNT[15] ; gclk         ; gclk        ; 0.000        ; 0.000      ; 2.451      ;
; 2.231  ; spi:m2|SPI_CNT[14] ; spi:m2|SPI_CNT[14] ; gclk         ; gclk        ; 0.000        ; 0.000      ; 2.452      ;
; 2.231  ; spi:m2|SPI_CNT[16] ; spi:m2|SPI_CNT[16] ; gclk         ; gclk        ; 0.000        ; 0.000      ; 2.452      ;
; 2.232  ; spi:m2|DONE_CNT[3] ; spi:m2|DONE_CNT[3] ; gclk         ; gclk        ; 0.000        ; 0.000      ; 2.453      ;
; 2.238  ; spi:m2|DONE_CNT[3] ; spi:m2|done        ; gclk         ; gclk        ; 0.000        ; 0.000      ; 2.459      ;
; 2.250  ; spi:m2|DONE_CNT[0] ; spi:m2|DONE_CNT[0] ; gclk         ; gclk        ; 0.000        ; 0.000      ; 2.471      ;
; 2.250  ; spi:m2|DONE_CNT[1] ; spi:m2|DONE_CNT[1] ; gclk         ; gclk        ; 0.000        ; 0.000      ; 2.471      ;
; 2.276  ; spi:m2|CNT[5]      ; spi:m2|WORK        ; spi:m2|sclk  ; gclk        ; 0.000        ; -0.318     ; 2.179      ;
; 2.478  ; spi:m2|CNT[1]      ; spi:m2|WORK        ; spi:m2|sclk  ; gclk        ; 0.000        ; -0.318     ; 2.381      ;
; 2.492  ; spi:m2|SPI_CNT[4]  ; spi:m2|SPI_CNT[4]  ; gclk         ; gclk        ; 0.000        ; 0.000      ; 2.713      ;
; 2.497  ; spi:m2|CNT[2]      ; spi:m2|WORK        ; spi:m2|sclk  ; gclk        ; 0.000        ; -0.318     ; 2.400      ;
; 2.513  ; spi:m2|SCLK_CNT[0] ; spi:m2|SCLK_CNT[2] ; gclk         ; gclk        ; 0.000        ; 0.000      ; 2.734      ;
; 2.528  ; spi:m2|SPI_CNT[6]  ; spi:m2|SPI_CNT[6]  ; gclk         ; gclk        ; 0.000        ; 0.000      ; 2.749      ;
; 2.529  ; spi:m2|SPI_CNT[8]  ; spi:m2|SPI_CNT[8]  ; gclk         ; gclk        ; 0.000        ; 0.000      ; 2.750      ;
; 2.551  ; spi:m2|DONE_CNT[0] ; spi:m2|done        ; gclk         ; gclk        ; 0.000        ; 0.000      ; 2.772      ;
; 2.595  ; spi:m2|CNT[4]      ; spi:m2|WORK        ; spi:m2|sclk  ; gclk        ; 0.000        ; -0.318     ; 2.498      ;
; 2.619  ; spi:m2|SPI_CNT[5]  ; spi:m2|SPI_CNT[5]  ; gclk         ; gclk        ; 0.000        ; 0.000      ; 2.840      ;
; 2.620  ; spi:m2|SPI_CNT[3]  ; spi:m2|SPI_CNT[3]  ; gclk         ; gclk        ; 0.000        ; 0.000      ; 2.841      ;
; 2.704  ; spi:m2|SCLK_CNT[4] ; spi:m2|SCLK_CNT[4] ; gclk         ; gclk        ; 0.000        ; 0.000      ; 2.925      ;
; 2.712  ; spi:m2|SCLK_CNT[1] ; spi:m2|SCLK_CNT[2] ; gclk         ; gclk        ; 0.000        ; 0.000      ; 2.933      ;
; 2.869  ; spi:m2|SCLK_CNT[2] ; spi:m2|SCLK_CNT[2] ; gclk         ; gclk        ; 0.000        ; 0.000      ; 3.090      ;
; 2.881  ; spi:m2|CNT[3]      ; spi:m2|WORK        ; spi:m2|sclk  ; gclk        ; 0.000        ; -0.318     ; 2.784      ;
; 2.886  ; spi:m2|SCLK_CNT[1] ; spi:m2|SCLK_CNT[1] ; gclk         ; gclk        ; 0.000        ; 0.000      ; 3.107      ;
; 2.887  ; spi:m2|DONE_CNT[1] ; spi:m2|done        ; gclk         ; gclk        ; 0.000        ; 0.000      ; 3.108      ;
; 2.940  ; spi:m2|SPI_CNT[7]  ; spi:m2|SPI_CNT[8]  ; gclk         ; gclk        ; 0.000        ; 0.000      ; 3.161      ;
; 2.948  ; spi:m2|SPI_CNT[10] ; spi:m2|SPI_CNT[11] ; gclk         ; gclk        ; 0.000        ; 0.000      ; 3.169      ;
; 2.949  ; spi:m2|SPI_CNT[17] ; spi:m2|SPI_CNT[18] ; gclk         ; gclk        ; 0.000        ; 0.000      ; 3.170      ;
; 2.958  ; spi:m2|SPI_CNT[1]  ; spi:m2|SPI_CNT[2]  ; gclk         ; gclk        ; 0.000        ; 0.000      ; 3.179      ;
; 2.958  ; spi:m2|SPI_CNT[11] ; spi:m2|SPI_CNT[12] ; gclk         ; gclk        ; 0.000        ; 0.000      ; 3.179      ;
; 2.958  ; spi:m2|SPI_CNT[12] ; spi:m2|SPI_CNT[13] ; gclk         ; gclk        ; 0.000        ; 0.000      ; 3.179      ;
; 2.958  ; spi:m2|SPI_CNT[2]  ; spi:m2|SPI_CNT[3]  ; gclk         ; gclk        ; 0.000        ; 0.000      ; 3.179      ;
; 2.959  ; spi:m2|DONE_CNT[2] ; spi:m2|DONE_CNT[3] ; gclk         ; gclk        ; 0.000        ; 0.000      ; 3.180      ;
; 3.036  ; spi:m2|CNT[0]      ; spi:m2|WORK        ; spi:m2|sclk  ; gclk        ; 0.000        ; -0.318     ; 2.939      ;
; 3.050  ; spi:m2|SCLK_CNT[4] ; spi:m2|SCLK_CNT[0] ; gclk         ; gclk        ; 0.000        ; 0.000      ; 3.271      ;
; 3.051  ; spi:m2|SPI_CNT[7]  ; spi:m2|SPI_CNT[9]  ; gclk         ; gclk        ; 0.000        ; 0.000      ; 3.272      ;
; 3.059  ; spi:m2|SPI_CNT[10] ; spi:m2|SPI_CNT[12] ; gclk         ; gclk        ; 0.000        ; 0.000      ; 3.280      ;
; 3.060  ; spi:m2|SPI_CNT[17] ; spi:m2|SPI_CNT[19] ; gclk         ; gclk        ; 0.000        ; 0.000      ; 3.281      ;
; 3.069  ; spi:m2|SPI_CNT[2]  ; spi:m2|SPI_CNT[4]  ; gclk         ; gclk        ; 0.000        ; 0.000      ; 3.290      ;
; 3.069  ; spi:m2|SPI_CNT[12] ; spi:m2|SPI_CNT[14] ; gclk         ; gclk        ; 0.000        ; 0.000      ; 3.290      ;
; 3.069  ; spi:m2|SPI_CNT[11] ; spi:m2|SPI_CNT[13] ; gclk         ; gclk        ; 0.000        ; 0.000      ; 3.290      ;
; 3.069  ; spi:m2|SPI_CNT[1]  ; spi:m2|SPI_CNT[3]  ; gclk         ; gclk        ; 0.000        ; 0.000      ; 3.290      ;
; 3.070  ; spi:m2|DONE_CNT[2] ; spi:m2|DONE_CNT[4] ; gclk         ; gclk        ; 0.000        ; 0.000      ; 3.291      ;
; 3.147  ; spi:m2|SCLK_CNT[3] ; spi:m2|SCLK_CNT[3] ; gclk         ; gclk        ; 0.000        ; 0.000      ; 3.368      ;
; 3.161  ; spi:m2|SPI_CNT[18] ; spi:m2|SPI_CNT[19] ; gclk         ; gclk        ; 0.000        ; 0.000      ; 3.382      ;
; 3.161  ; spi:m2|SPI_CNT[13] ; spi:m2|SPI_CNT[14] ; gclk         ; gclk        ; 0.000        ; 0.000      ; 3.382      ;
; 3.165  ; spi:m2|SCLK_CNT[4] ; spi:m2|sclk        ; gclk         ; gclk        ; 0.000        ; 0.000      ; 3.386      ;
; 3.170  ; spi:m2|SPI_CNT[15] ; spi:m2|SPI_CNT[16] ; gclk         ; gclk        ; 0.000        ; 0.000      ; 3.391      ;
; 3.170  ; spi:m2|SPI_CNT[10] ; spi:m2|SPI_CNT[13] ; gclk         ; gclk        ; 0.000        ; 0.000      ; 3.391      ;
; 3.171  ; spi:m2|SPI_CNT[16] ; spi:m2|SPI_CNT[17] ; gclk         ; gclk        ; 0.000        ; 0.000      ; 3.392      ;
; 3.172  ; spi:m2|DONE_CNT[3] ; spi:m2|DONE_CNT[4] ; gclk         ; gclk        ; 0.000        ; 0.000      ; 3.393      ;
; 3.180  ; spi:m2|SPI_CNT[1]  ; spi:m2|SPI_CNT[4]  ; gclk         ; gclk        ; 0.000        ; 0.000      ; 3.401      ;
; 3.180  ; spi:m2|SPI_CNT[11] ; spi:m2|SPI_CNT[14] ; gclk         ; gclk        ; 0.000        ; 0.000      ; 3.401      ;
; 3.190  ; spi:m2|DONE_CNT[0] ; spi:m2|DONE_CNT[1] ; gclk         ; gclk        ; 0.000        ; 0.000      ; 3.411      ;
; 3.190  ; spi:m2|DONE_CNT[1] ; spi:m2|DONE_CNT[2] ; gclk         ; gclk        ; 0.000        ; 0.000      ; 3.411      ;
; 3.199  ; spi:m2|SPI_CNT[0]  ; spi:m2|SPI_CNT[1]  ; gclk         ; gclk        ; 0.000        ; 0.000      ; 3.420      ;
; 3.223  ; spi:m2|done        ; spi:m2|SPI_CNT[0]  ; gclk         ; gclk        ; 0.000        ; 0.000      ; 3.444      ;
; 3.281  ; spi:m2|SPI_CNT[15] ; spi:m2|SPI_CNT[17] ; gclk         ; gclk        ; 0.000        ; 0.000      ; 3.502      ;
; 3.281  ; spi:m2|SPI_CNT[10] ; spi:m2|SPI_CNT[14] ; gclk         ; gclk        ; 0.000        ; 0.000      ; 3.502      ;
; 3.282  ; spi:m2|SPI_CNT[16] ; spi:m2|SPI_CNT[18] ; gclk         ; gclk        ; 0.000        ; 0.000      ; 3.503      ;
; 3.301  ; spi:m2|DONE_CNT[1] ; spi:m2|DONE_CNT[3] ; gclk         ; gclk        ; 0.000        ; 0.000      ; 3.522      ;
; 3.301  ; spi:m2|DONE_CNT[0] ; spi:m2|DONE_CNT[2] ; gclk         ; gclk        ; 0.000        ; 0.000      ; 3.522      ;
; 3.328  ; spi:m2|done        ; spi:m2|SPI_CNT[10] ; gclk         ; gclk        ; 0.000        ; 0.000      ; 3.549      ;
; 3.328  ; spi:m2|done        ; spi:m2|SPI_CNT[11] ; gclk         ; gclk        ; 0.000        ; 0.000      ; 3.549      ;
; 3.328  ; spi:m2|done        ; spi:m2|SPI_CNT[12] ; gclk         ; gclk        ; 0.000        ; 0.000      ; 3.549      ;
; 3.328  ; spi:m2|done        ; spi:m2|SPI_CNT[13] ; gclk         ; gclk        ; 0.000        ; 0.000      ; 3.549      ;
; 3.328  ; spi:m2|done        ; spi:m2|SPI_CNT[14] ; gclk         ; gclk        ; 0.000        ; 0.000      ; 3.549      ;
; 3.328  ; spi:m2|done        ; spi:m2|SPI_CNT[15] ; gclk         ; gclk        ; 0.000        ; 0.000      ; 3.549      ;
; 3.328  ; spi:m2|done        ; spi:m2|SPI_CNT[16] ; gclk         ; gclk        ; 0.000        ; 0.000      ; 3.549      ;
; 3.328  ; spi:m2|done        ; spi:m2|SPI_CNT[17] ; gclk         ; gclk        ; 0.000        ; 0.000      ; 3.549      ;
; 3.328  ; spi:m2|done        ; spi:m2|SPI_CNT[18] ; gclk         ; gclk        ; 0.000        ; 0.000      ; 3.549      ;
; 3.328  ; spi:m2|done        ; spi:m2|SPI_CNT[19] ; gclk         ; gclk        ; 0.000        ; 0.000      ; 3.549      ;
; 3.360  ; spi:m2|SPI_CNT[6]  ; spi:m2|SPI_CNT[7]  ; gclk         ; gclk        ; 0.000        ; 0.000      ; 3.581      ;
; 3.361  ; spi:m2|SPI_CNT[8]  ; spi:m2|SPI_CNT[9]  ; gclk         ; gclk        ; 0.000        ; 0.000      ; 3.582      ;
; 3.366  ; spi:m2|done        ; spi:m2|SPI_CNT[2]  ; gclk         ; gclk        ; 0.000        ; 0.000      ; 3.587      ;
; 3.366  ; spi:m2|done        ; spi:m2|SPI_CNT[1]  ; gclk         ; gclk        ; 0.000        ; 0.000      ; 3.587      ;
; 3.366  ; spi:m2|done        ; spi:m2|SPI_CNT[4]  ; gclk         ; gclk        ; 0.000        ; 0.000      ; 3.587      ;
; 3.366  ; spi:m2|done        ; spi:m2|SPI_CNT[5]  ; gclk         ; gclk        ; 0.000        ; 0.000      ; 3.587      ;
; 3.366  ; spi:m2|done        ; spi:m2|SPI_CNT[6]  ; gclk         ; gclk        ; 0.000        ; 0.000      ; 3.587      ;
+--------+--------------------+--------------------+--------------+-------------+--------------+------------+------------+


+-----------------------------------------------------------------------------------------------------------------------------+
; Hold: 'spi:m2|sclk'                                                                                                         ;
+-------+-----------------------+-----------------------+--------------+-------------+--------------+------------+------------+
; Slack ; From Node             ; To Node               ; Launch Clock ; Latch Clock ; Relationship ; Clock Skew ; Data Delay ;
+-------+-----------------------+-----------------------+--------------+-------------+--------------+------------+------------+
; 2.151 ; spi:m2|CNT[1]         ; spi:m2|CNT[1]         ; spi:m2|sclk  ; spi:m2|sclk ; 0.000        ; 0.000      ; 2.372      ;
; 2.244 ; spi:m2|DATA_SHIFT[5]  ; spi:m2|DATA_SHIFT[6]  ; spi:m2|sclk  ; spi:m2|sclk ; 0.000        ; 0.000      ; 2.465      ;
; 2.271 ; spi:m2|CNT[5]         ; spi:m2|CNT[5]         ; spi:m2|sclk  ; spi:m2|sclk ; 0.000        ; 0.000      ; 2.492      ;
; 2.272 ; spi:m2|CNT[4]         ; spi:m2|CNT[4]         ; spi:m2|sclk  ; spi:m2|sclk ; 0.000        ; 0.000      ; 2.493      ;
; 2.279 ; spi:m2|DATA_SHIFT[15] ; spi:m2|mosi~reg0      ; spi:m2|sclk  ; spi:m2|sclk ; 0.000        ; 0.000      ; 2.500      ;
; 2.477 ; spi:m2|CNT[3]         ; spi:m2|CNT[3]         ; spi:m2|sclk  ; spi:m2|sclk ; 0.000        ; 0.000      ; 2.698      ;
; 2.539 ; spi:m2|CNT[0]         ; spi:m2|CNT[0]         ; spi:m2|sclk  ; spi:m2|sclk ; 0.000        ; 0.000      ; 2.760      ;
; 2.605 ; spi:m2|CNT[2]         ; spi:m2|CNT[2]         ; spi:m2|sclk  ; spi:m2|sclk ; 0.000        ; 0.000      ; 2.826      ;
; 2.683 ; spi:m2|DATA_SHIFT[0]  ; spi:m2|DATA_SHIFT[0]  ; spi:m2|sclk  ; spi:m2|sclk ; 0.000        ; 0.000      ; 2.904      ;
; 2.701 ; spi:m2|DATA_SHIFT[3]  ; spi:m2|DATA_SHIFT[3]  ; spi:m2|sclk  ; spi:m2|sclk ; 0.000        ; 0.000      ; 2.922      ;
; 2.702 ; spi:m2|DATA_SHIFT[11] ; spi:m2|DATA_SHIFT[11] ; spi:m2|sclk  ; spi:m2|sclk ; 0.000        ; 0.000      ; 2.923      ;
; 2.711 ; spi:m2|DATA_SHIFT[1]  ; spi:m2|DATA_SHIFT[1]  ; spi:m2|sclk  ; spi:m2|sclk ; 0.000        ; 0.000      ; 2.932      ;
; 2.715 ; spi:m2|DATA_SHIFT[1]  ; spi:m2|DATA_SHIFT[2]  ; spi:m2|sclk  ; spi:m2|sclk ; 0.000        ; 0.000      ; 2.936      ;
; 2.818 ; spi:m2|CNT[5]         ; spi:m2|mosi~en        ; spi:m2|sclk  ; spi:m2|sclk ; 0.000        ; 0.000      ; 3.039      ;
; 2.839 ; spi:m2|DATA_SHIFT[9]  ; spi:m2|DATA_SHIFT[9]  ; spi:m2|sclk  ; spi:m2|sclk ; 0.000        ; 0.000      ; 3.060      ;
; 2.858 ; spi:m2|DATA_SHIFT[7]  ; spi:m2|DATA_SHIFT[7]  ; spi:m2|sclk  ; spi:m2|sclk ; 0.000        ; 0.000      ; 3.079      ;
; 2.861 ; spi:m2|DATA_SHIFT[2]  ; spi:m2|DATA_SHIFT[2]  ; spi:m2|sclk  ; spi:m2|sclk ; 0.000        ; 0.000      ; 3.082      ;
; 2.863 ; spi:m2|DATA_SHIFT[2]  ; spi:m2|DATA_SHIFT[3]  ; spi:m2|sclk  ; spi:m2|sclk ; 0.000        ; 0.000      ; 3.084      ;
; 2.864 ; spi:m2|WORK           ; spi:m2|CNT[2]         ; gclk         ; spi:m2|sclk ; 0.000        ; 0.318      ; 3.403      ;
; 2.864 ; spi:m2|WORK           ; spi:m2|CNT[0]         ; gclk         ; spi:m2|sclk ; 0.000        ; 0.318      ; 3.403      ;
; 2.864 ; spi:m2|WORK           ; spi:m2|CNT[4]         ; gclk         ; spi:m2|sclk ; 0.000        ; 0.318      ; 3.403      ;
; 2.864 ; spi:m2|WORK           ; spi:m2|CNT[3]         ; gclk         ; spi:m2|sclk ; 0.000        ; 0.318      ; 3.403      ;
; 2.864 ; spi:m2|WORK           ; spi:m2|CNT[1]         ; gclk         ; spi:m2|sclk ; 0.000        ; 0.318      ; 3.403      ;
; 2.864 ; spi:m2|WORK           ; spi:m2|CNT[5]         ; gclk         ; spi:m2|sclk ; 0.000        ; 0.318      ; 3.403      ;
; 2.870 ; spi:m2|DATA_SHIFT[5]  ; spi:m2|DATA_SHIFT[5]  ; spi:m2|sclk  ; spi:m2|sclk ; 0.000        ; 0.000      ; 3.091      ;
; 2.936 ; spi:m2|DATA_SHIFT[11] ; spi:m2|DATA_SHIFT[12] ; spi:m2|sclk  ; spi:m2|sclk ; 0.000        ; 0.000      ; 3.157      ;
; 2.983 ; spi:m2|CNT[1]         ; spi:m2|CNT[2]         ; spi:m2|sclk  ; spi:m2|sclk ; 0.000        ; 0.000      ; 3.204      ;
; 3.073 ; spi:m2|DATA_SHIFT[6]  ; spi:m2|DATA_SHIFT[6]  ; spi:m2|sclk  ; spi:m2|sclk ; 0.000        ; 0.000      ; 3.294      ;
; 3.073 ; spi:m2|DATA_SHIFT[12] ; spi:m2|DATA_SHIFT[12] ; spi:m2|sclk  ; spi:m2|sclk ; 0.000        ; 0.000      ; 3.294      ;
; 3.094 ; spi:m2|CNT[1]         ; spi:m2|CNT[3]         ; spi:m2|sclk  ; spi:m2|sclk ; 0.000        ; 0.000      ; 3.315      ;
; 3.189 ; spi:m2|DATA_SHIFT[13] ; spi:m2|DATA_SHIFT[14] ; spi:m2|sclk  ; spi:m2|sclk ; 0.000        ; 0.000      ; 3.410      ;
; 3.212 ; spi:m2|CNT[4]         ; spi:m2|CNT[5]         ; spi:m2|sclk  ; spi:m2|sclk ; 0.000        ; 0.000      ; 3.433      ;
; 3.230 ; spi:m2|CNT[1]         ; spi:m2|mosi~en        ; spi:m2|sclk  ; spi:m2|sclk ; 0.000        ; 0.000      ; 3.451      ;
; 3.326 ; spi:m2|CNT[5]         ; spi:m2|DATA_SHIFT[5]  ; spi:m2|sclk  ; spi:m2|sclk ; 0.000        ; 0.000      ; 3.547      ;
; 3.335 ; spi:m2|CNT[5]         ; spi:m2|DATA_SHIFT[7]  ; spi:m2|sclk  ; spi:m2|sclk ; 0.000        ; 0.000      ; 3.556      ;
; 3.335 ; spi:m2|CNT[0]         ; spi:m2|DATA_SHIFT[14] ; spi:m2|sclk  ; spi:m2|sclk ; 0.000        ; 0.000      ; 3.556      ;
; 3.350 ; spi:m2|DATA_SHIFT[14] ; spi:m2|DATA_SHIFT[15] ; spi:m2|sclk  ; spi:m2|sclk ; 0.000        ; 0.000      ; 3.571      ;
; 3.371 ; spi:m2|CNT[0]         ; spi:m2|CNT[1]         ; spi:m2|sclk  ; spi:m2|sclk ; 0.000        ; 0.000      ; 3.592      ;
; 3.389 ; spi:m2|DATA_SHIFT[10] ; spi:m2|DATA_SHIFT[10] ; spi:m2|sclk  ; spi:m2|sclk ; 0.000        ; 0.000      ; 3.610      ;
; 3.419 ; spi:m2|CNT[5]         ; spi:m2|DATA_SHIFT[8]  ; spi:m2|sclk  ; spi:m2|sclk ; 0.000        ; 0.000      ; 3.640      ;
; 3.424 ; spi:m2|CNT[5]         ; spi:m2|DATA_SHIFT[10] ; spi:m2|sclk  ; spi:m2|sclk ; 0.000        ; 0.000      ; 3.645      ;
; 3.446 ; spi:m2|CNT[4]         ; spi:m2|mosi~en        ; spi:m2|sclk  ; spi:m2|sclk ; 0.000        ; 0.000      ; 3.667      ;
; 3.461 ; spi:m2|DATA_SHIFT[12] ; spi:m2|DATA_SHIFT[13] ; spi:m2|sclk  ; spi:m2|sclk ; 0.000        ; 0.000      ; 3.682      ;
; 3.482 ; spi:m2|CNT[0]         ; spi:m2|CNT[2]         ; spi:m2|sclk  ; spi:m2|sclk ; 0.000        ; 0.000      ; 3.703      ;
; 3.527 ; spi:m2|DATA_SHIFT[14] ; spi:m2|DATA_SHIFT[14] ; spi:m2|sclk  ; spi:m2|sclk ; 0.000        ; 0.000      ; 3.748      ;
; 3.545 ; spi:m2|CNT[2]         ; spi:m2|CNT[3]         ; spi:m2|sclk  ; spi:m2|sclk ; 0.000        ; 0.000      ; 3.766      ;
; 3.563 ; spi:m2|CNT[1]         ; spi:m2|CNT[4]         ; spi:m2|sclk  ; spi:m2|sclk ; 0.000        ; 0.000      ; 3.784      ;
; 3.563 ; spi:m2|CNT[1]         ; spi:m2|CNT[5]         ; spi:m2|sclk  ; spi:m2|sclk ; 0.000        ; 0.000      ; 3.784      ;
; 3.573 ; spi:m2|CNT[5]         ; spi:m2|DATA_SHIFT[4]  ; spi:m2|sclk  ; spi:m2|sclk ; 0.000        ; 0.000      ; 3.794      ;
; 3.593 ; spi:m2|CNT[0]         ; spi:m2|CNT[3]         ; spi:m2|sclk  ; spi:m2|sclk ; 0.000        ; 0.000      ; 3.814      ;
; 3.737 ; spi:m2|CNT[3]         ; spi:m2|CNT[4]         ; spi:m2|sclk  ; spi:m2|sclk ; 0.000        ; 0.000      ; 3.958      ;
; 3.737 ; spi:m2|CNT[3]         ; spi:m2|CNT[5]         ; spi:m2|sclk  ; spi:m2|sclk ; 0.000        ; 0.000      ; 3.958      ;
; 3.754 ; spi:m2|DATA_SHIFT[15] ; spi:m2|DATA_SHIFT[15] ; spi:m2|sclk  ; spi:m2|sclk ; 0.000        ; 0.000      ; 3.975      ;
; 3.778 ; spi:m2|DATA_SHIFT[4]  ; spi:m2|DATA_SHIFT[5]  ; spi:m2|sclk  ; spi:m2|sclk ; 0.000        ; 0.000      ; 3.999      ;
; 3.791 ; spi:m2|DATA_SHIFT[6]  ; spi:m2|DATA_SHIFT[7]  ; spi:m2|sclk  ; spi:m2|sclk ; 0.000        ; 0.000      ; 4.012      ;
; 3.823 ; spi:m2|DATA_SHIFT[13] ; spi:m2|DATA_SHIFT[13] ; spi:m2|sclk  ; spi:m2|sclk ; 0.000        ; 0.000      ; 4.044      ;
; 3.842 ; spi:m2|CNT[2]         ; spi:m2|mosi~en        ; spi:m2|sclk  ; spi:m2|sclk ; 0.000        ; 0.000      ; 4.063      ;
; 3.867 ; spi:m2|CNT[5]         ; spi:m2|DATA_SHIFT[15] ; spi:m2|sclk  ; spi:m2|sclk ; 0.000        ; 0.000      ; 4.088      ;
; 3.904 ; spi:m2|CNT[5]         ; spi:m2|DATA_SHIFT[0]  ; spi:m2|sclk  ; spi:m2|sclk ; 0.000        ; 0.000      ; 4.125      ;
; 3.946 ; spi:m2|CNT[0]         ; spi:m2|DATA_SHIFT[15] ; spi:m2|sclk  ; spi:m2|sclk ; 0.000        ; 0.000      ; 4.167      ;
; 3.991 ; spi:m2|CNT[5]         ; spi:m2|DATA_SHIFT[12] ; spi:m2|sclk  ; spi:m2|sclk ; 0.000        ; 0.000      ; 4.212      ;
; 3.997 ; spi:m2|CNT[5]         ; spi:m2|DATA_SHIFT[1]  ; spi:m2|sclk  ; spi:m2|sclk ; 0.000        ; 0.000      ; 4.218      ;
; 4.001 ; spi:m2|CNT[5]         ; spi:m2|DATA_SHIFT[2]  ; spi:m2|sclk  ; spi:m2|sclk ; 0.000        ; 0.000      ; 4.222      ;
; 4.001 ; spi:m2|CNT[0]         ; spi:m2|DATA_SHIFT[6]  ; spi:m2|sclk  ; spi:m2|sclk ; 0.000        ; 0.000      ; 4.222      ;
; 4.002 ; spi:m2|CNT[5]         ; spi:m2|DATA_SHIFT[3]  ; spi:m2|sclk  ; spi:m2|sclk ; 0.000        ; 0.000      ; 4.223      ;
; 4.014 ; spi:m2|CNT[2]         ; spi:m2|CNT[4]         ; spi:m2|sclk  ; spi:m2|sclk ; 0.000        ; 0.000      ; 4.235      ;
; 4.014 ; spi:m2|CNT[2]         ; spi:m2|CNT[5]         ; spi:m2|sclk  ; spi:m2|sclk ; 0.000        ; 0.000      ; 4.235      ;
; 4.047 ; spi:m2|CNT[0]         ; spi:m2|DATA_SHIFT[4]  ; spi:m2|sclk  ; spi:m2|sclk ; 0.000        ; 0.000      ; 4.268      ;
; 4.062 ; spi:m2|CNT[0]         ; spi:m2|CNT[4]         ; spi:m2|sclk  ; spi:m2|sclk ; 0.000        ; 0.000      ; 4.283      ;
; 4.062 ; spi:m2|CNT[0]         ; spi:m2|CNT[5]         ; spi:m2|sclk  ; spi:m2|sclk ; 0.000        ; 0.000      ; 4.283      ;
; 4.132 ; spi:m2|CNT[0]         ; spi:m2|DATA_SHIFT[8]  ; spi:m2|sclk  ; spi:m2|sclk ; 0.000        ; 0.000      ; 4.353      ;
; 4.138 ; spi:m2|CNT[5]         ; spi:m2|DATA_SHIFT[6]  ; spi:m2|sclk  ; spi:m2|sclk ; 0.000        ; 0.000      ; 4.359      ;
; 4.226 ; spi:m2|CNT[3]         ; spi:m2|mosi~en        ; spi:m2|sclk  ; spi:m2|sclk ; 0.000        ; 0.000      ; 4.447      ;
; 4.312 ; spi:m2|CNT[5]         ; spi:m2|DATA_SHIFT[13] ; spi:m2|sclk  ; spi:m2|sclk ; 0.000        ; 0.000      ; 4.533      ;
; 4.368 ; spi:m2|DATA_SHIFT[8]  ; spi:m2|DATA_SHIFT[9]  ; spi:m2|sclk  ; spi:m2|sclk ; 0.000        ; 0.000      ; 4.589      ;
; 4.381 ; spi:m2|CNT[0]         ; spi:m2|mosi~en        ; spi:m2|sclk  ; spi:m2|sclk ; 0.000        ; 0.000      ; 4.602      ;
; 4.384 ; spi:m2|CNT[4]         ; spi:m2|DATA_SHIFT[6]  ; spi:m2|sclk  ; spi:m2|sclk ; 0.000        ; 0.000      ; 4.605      ;
; 4.391 ; spi:m2|CNT[0]         ; spi:m2|DATA_SHIFT[13] ; spi:m2|sclk  ; spi:m2|sclk ; 0.000        ; 0.000      ; 4.612      ;
; 4.429 ; spi:m2|DATA_SHIFT[7]  ; spi:m2|DATA_SHIFT[8]  ; spi:m2|sclk  ; spi:m2|sclk ; 0.000        ; 0.000      ; 4.650      ;
; 4.534 ; spi:m2|CNT[5]         ; spi:m2|DATA_SHIFT[9]  ; spi:m2|sclk  ; spi:m2|sclk ; 0.000        ; 0.000      ; 4.755      ;
; 4.579 ; spi:m2|DATA_SHIFT[9]  ; spi:m2|DATA_SHIFT[10] ; spi:m2|sclk  ; spi:m2|sclk ; 0.000        ; 0.000      ; 4.800      ;
; 4.587 ; spi:m2|CNT[0]         ; spi:m2|DATA_SHIFT[10] ; spi:m2|sclk  ; spi:m2|sclk ; 0.000        ; 0.000      ; 4.808      ;
; 4.587 ; spi:m2|CNT[4]         ; spi:m2|DATA_SHIFT[14] ; spi:m2|sclk  ; spi:m2|sclk ; 0.000        ; 0.000      ; 4.808      ;
; 4.643 ; spi:m2|DATA_SHIFT[0]  ; spi:m2|DATA_SHIFT[1]  ; spi:m2|sclk  ; spi:m2|sclk ; 0.000        ; 0.000      ; 4.864      ;
; 4.656 ; spi:m2|CNT[0]         ; spi:m2|DATA_SHIFT[7]  ; spi:m2|sclk  ; spi:m2|sclk ; 0.000        ; 0.000      ; 4.877      ;
; 4.662 ; spi:m2|CNT[0]         ; spi:m2|DATA_SHIFT[5]  ; spi:m2|sclk  ; spi:m2|sclk ; 0.000        ; 0.000      ; 4.883      ;
; 4.681 ; spi:m2|DATA_SHIFT[8]  ; spi:m2|DATA_SHIFT[8]  ; spi:m2|sclk  ; spi:m2|sclk ; 0.000        ; 0.000      ; 4.902      ;
; 4.707 ; spi:m2|CNT[0]         ; spi:m2|DATA_SHIFT[0]  ; spi:m2|sclk  ; spi:m2|sclk ; 0.000        ; 0.000      ; 4.928      ;
; 4.709 ; spi:m2|CNT[5]         ; spi:m2|DATA_SHIFT[14] ; spi:m2|sclk  ; spi:m2|sclk ; 0.000        ; 0.000      ; 4.930      ;
; 4.718 ; spi:m2|CNT[5]         ; spi:m2|DATA_SHIFT[11] ; spi:m2|sclk  ; spi:m2|sclk ; 0.000        ; 0.000      ; 4.939      ;
; 4.807 ; spi:m2|DATA_SHIFT[4]  ; spi:m2|DATA_SHIFT[4]  ; spi:m2|sclk  ; spi:m2|sclk ; 0.000        ; 0.000      ; 5.028      ;
; 4.852 ; spi:m2|SPI_CNT[1]     ; spi:m2|DATA_SHIFT[1]  ; gclk         ; spi:m2|sclk ; 0.000        ; 0.318      ; 5.391      ;
; 4.895 ; spi:m2|CNT[0]         ; spi:m2|DATA_SHIFT[3]  ; spi:m2|sclk  ; spi:m2|sclk ; 0.000        ; 0.000      ; 5.116      ;
; 4.900 ; spi:m2|CNT[0]         ; spi:m2|DATA_SHIFT[2]  ; spi:m2|sclk  ; spi:m2|sclk ; 0.000        ; 0.000      ; 5.121      ;
; 4.907 ; spi:m2|CNT[0]         ; spi:m2|DATA_SHIFT[1]  ; spi:m2|sclk  ; spi:m2|sclk ; 0.000        ; 0.000      ; 5.128      ;
; 4.910 ; spi:m2|CNT[0]         ; spi:m2|DATA_SHIFT[11] ; spi:m2|sclk  ; spi:m2|sclk ; 0.000        ; 0.000      ; 5.131      ;
; 4.910 ; spi:m2|CNT[0]         ; spi:m2|DATA_SHIFT[12] ; spi:m2|sclk  ; spi:m2|sclk ; 0.000        ; 0.000      ; 5.131      ;
; 4.944 ; spi:m2|SPI_CNT[1]     ; spi:m2|DATA_SHIFT[11] ; gclk         ; spi:m2|sclk ; 0.000        ; 0.318      ; 5.483      ;
; 4.945 ; spi:m2|CNT[0]         ; spi:m2|DATA_SHIFT[9]  ; spi:m2|sclk  ; spi:m2|sclk ; 0.000        ; 0.000      ; 5.166      ;
; 4.949 ; spi:m2|SPI_CNT[1]     ; spi:m2|DATA_SHIFT[3]  ; gclk         ; spi:m2|sclk ; 0.000        ; 0.318      ; 5.488      ;
+-------+-----------------------+-----------------------+--------------+-------------+--------------+------------+------------+


+-----------------------------------------------------------------------+
; Setup Transfers                                                       ;
+-------------+-------------+----------+----------+----------+----------+
; From Clock  ; To Clock    ; RR Paths ; FR Paths ; RF Paths ; FF Paths ;
+-------------+-------------+----------+----------+----------+----------+
; gclk        ; gclk        ; 460      ; 0        ; 0        ; 0        ;
; spi:m2|sclk ; gclk        ; 37       ; 1        ; 0        ; 0        ;
; gclk        ; spi:m2|sclk ; 1080     ; 0        ; 0        ; 0        ;
; spi:m2|sclk ; spi:m2|sclk ; 341      ; 0        ; 0        ; 0        ;
+-------------+-------------+----------+----------+----------+----------+
Entries labeled "false path" only account for clock-to-clock false paths and not path-based false paths. As a result, actual path counts may be lower than reported.


+-----------------------------------------------------------------------+
; Hold Transfers                                                        ;
+-------------+-------------+----------+----------+----------+----------+
; From Clock  ; To Clock    ; RR Paths ; FR Paths ; RF Paths ; FF Paths ;
+-------------+-------------+----------+----------+----------+----------+
; gclk        ; gclk        ; 460      ; 0        ; 0        ; 0        ;
; spi:m2|sclk ; gclk        ; 37       ; 1        ; 0        ; 0        ;
; gclk        ; spi:m2|sclk ; 1080     ; 0        ; 0        ; 0        ;
; spi:m2|sclk ; spi:m2|sclk ; 341      ; 0        ; 0        ; 0        ;
+-------------+-------------+----------+----------+----------+----------+
Entries labeled "false path" only account for clock-to-clock false paths and not path-based false paths. As a result, actual path counts may be lower than reported.


---------------
; Report TCCS ;
---------------
No dedicated SERDES Transmitter circuitry present in device or used in design


---------------
; Report RSKM ;
---------------
No non-DPA dedicated SERDES Receiver circuitry present in device or used in design


+------------------------------------------------+
; Unconstrained Paths Summary                    ;
+---------------------------------+-------+------+
; Property                        ; Setup ; Hold ;
+---------------------------------+-------+------+
; Illegal Clocks                  ; 0     ; 0    ;
; Unconstrained Clocks            ; 0     ; 0    ;
; Unconstrained Input Ports       ; 2     ; 2    ;
; Unconstrained Input Port Paths  ; 58    ; 58   ;
; Unconstrained Output Ports      ; 3     ; 3    ;
; Unconstrained Output Port Paths ; 4     ; 4    ;
+---------------------------------+-------+------+


+------------------------------------------------+
; Clock Status Summary                           ;
+-------------+-------------+------+-------------+
; Target      ; Clock       ; Type ; Status      ;
+-------------+-------------+------+-------------+
; gclk        ; gclk        ; Base ; Constrained ;
; spi:m2|sclk ; spi:m2|sclk ; Base ; Constrained ;
+-------------+-------------+------+-------------+


+---------------------------------------------------------------------------------------------------+
; Unconstrained Input Ports                                                                         ;
+------------+--------------------------------------------------------------------------------------+
; Input Port ; Comment                                                                              ;
+------------+--------------------------------------------------------------------------------------+
; miso       ; No input delay, min/max delays, false-path exceptions, or max skew assignments found ;
; rstn       ; No input delay, min/max delays, false-path exceptions, or max skew assignments found ;
+------------+--------------------------------------------------------------------------------------+


+-----------------------------------------------------------------------------------------------------+
; Unconstrained Output Ports                                                                          ;
+-------------+---------------------------------------------------------------------------------------+
; Output Port ; Comment                                                                               ;
+-------------+---------------------------------------------------------------------------------------+
; mosi        ; No output delay, min/max delays, false-path exceptions, or max skew assignments found ;
; nss         ; No output delay, min/max delays, false-path exceptions, or max skew assignments found ;
; sclk        ; No output delay, min/max delays, false-path exceptions, or max skew assignments found ;
+-------------+---------------------------------------------------------------------------------------+


+---------------------------------------------------------------------------------------------------+
; Unconstrained Input Ports                                                                         ;
+------------+--------------------------------------------------------------------------------------+
; Input Port ; Comment                                                                              ;
+------------+--------------------------------------------------------------------------------------+
; miso       ; No input delay, min/max delays, false-path exceptions, or max skew assignments found ;
; rstn       ; No input delay, min/max delays, false-path exceptions, or max skew assignments found ;
+------------+--------------------------------------------------------------------------------------+


+-----------------------------------------------------------------------------------------------------+
; Unconstrained Output Ports                                                                          ;
+-------------+---------------------------------------------------------------------------------------+
; Output Port ; Comment                                                                               ;
+-------------+---------------------------------------------------------------------------------------+
; mosi        ; No output delay, min/max delays, false-path exceptions, or max skew assignments found ;
; nss         ; No output delay, min/max delays, false-path exceptions, or max skew assignments found ;
; sclk        ; No output delay, min/max delays, false-path exceptions, or max skew assignments found ;
+-------------+---------------------------------------------------------------------------------------+


+--------------------------+
; Timing Analyzer Messages ;
+--------------------------+
Info: *******************************************************************
Info: Running Quartus Prime Timing Analyzer
    Info: Version 18.0.0 Build 614 04/24/2018 SJ Standard Edition
    Info: Processing started: Fri Mar 24 21:11:33 2023
Info: Command: quartus_sta ultrasonic_sensor3_1 -c ultrasonic_sensor3_1
Info: qsta_default_script.tcl version: #2
Warning (18236): Number of processors has not been specified which may cause overloading on shared machines.  Set the global assignment NUM_PARALLEL_PROCESSORS in your QSF to an appropriate value for best performance.
Info (20030): Parallel compilation is enabled and will use 6 of the 6 processors detected
Info (21077): Low junction temperature is 0 degrees C
Info (21077): High junction temperature is 85 degrees C
Info (334003): Started post-fitting delay annotation
Info (334004): Delay annotation completed successfully
Critical Warning (332012): Synopsys Design Constraints File file not found: 'ultrasonic_sensor3_1.sdc'. A Synopsys Design Constraints File is required by the Timing Analyzer to get proper timing constraints. Without it, the Compiler will not properly optimize the design.
Info (332142): No user constrained base clocks found in the design. Calling "derive_clocks -period 1.0"
Info (332105): Deriving Clocks
    Info (332105): create_clock -period 1.000 -name spi:m2|sclk spi:m2|sclk
    Info (332105): create_clock -period 1.000 -name gclk gclk
Info: Found TIMING_ANALYZER_REPORT_SCRIPT_INCLUDE_DEFAULT_ANALYSIS = ON
Info: Can't run Report Timing Closure Recommendations. The current device family is not supported.
Critical Warning (332148): Timing requirements not met
Info (332146): Worst-case setup slack is -12.004
    Info (332119):     Slack       End Point TNS Clock 
    Info (332119): ========= =================== =====================
    Info (332119):   -12.004            -185.013 spi:m2|sclk 
    Info (332119):    -5.030            -144.411 gclk 
Info (332146): Worst-case hold slack is -1.617
    Info (332119):     Slack       End Point TNS Clock 
    Info (332119): ========= =================== =====================
    Info (332119):    -1.617              -1.617 gclk 
    Info (332119):     2.151               0.000 spi:m2|sclk 
Info (332140): No Recovery paths to report
Info (332140): No Removal paths to report
Info (332146): Worst-case minimum pulse width slack is -2.289
    Info (332119):     Slack       End Point TNS Clock 
    Info (332119): ========= =================== =====================
    Info (332119):    -2.289              -2.289 gclk 
    Info (332119):     0.234               0.000 spi:m2|sclk 
Info (332001): The selected device family is not supported by the report_metastability command.
Info (332102): Design is not fully constrained for setup requirements
Info (332102): Design is not fully constrained for hold requirements
Info: Quartus Prime Timing Analyzer was successful. 0 errors, 3 warnings
    Info: Peak virtual memory: 4666 megabytes
    Info: Processing ended: Fri Mar 24 21:11:33 2023
    Info: Elapsed time: 00:00:00
    Info: Total CPU time (on all processors): 00:00:01


