Timing Analyzer report for ultrasonic_sensor3_1
Mon Mar 06 14:27:35 2023
Quartus Prime Version 18.0.0 Build 614 04/24/2018 SJ Standard Edition


---------------------
; Table of Contents ;
---------------------
  1. Legal Notice
  2. Timing Analyzer Summary
  3. Parallel Compilation
  4. Clocks
  5. Fmax Summary
  6. Setup Summary
  7. Hold Summary
  8. Recovery Summary
  9. Removal Summary
 10. Minimum Pulse Width Summary
 11. Setup: 'spi:m2|sclk'
 12. Setup: 'gclk'
 13. Hold: 'gclk'
 14. Hold: 'spi:m2|sclk'
 15. Setup Transfers
 16. Hold Transfers
 17. Report TCCS
 18. Report RSKM
 19. Unconstrained Paths Summary
 20. Clock Status Summary
 21. Unconstrained Input Ports
 22. Unconstrained Output Ports
 23. Unconstrained Input Ports
 24. Unconstrained Output Ports
 25. Timing Analyzer Messages



----------------
; Legal Notice ;
----------------
Copyright (C) 2018  Intel Corporation. All rights reserved.
Your use of Intel Corporation's design tools, logic functions 
and other software and tools, and its AMPP partner logic 
functions, and any output files from any of the foregoing 
(including device programming or simulation files), and any 
associated documentation or information are expressly subject 
to the terms and conditions of the Intel Program License 
Subscription Agreement, the Intel Quartus Prime License Agreement,
the Intel FPGA IP License Agreement, or other applicable license
agreement, including, without limitation, that your use is for
the sole purpose of programming logic devices manufactured by
Intel and sold by Intel or its authorized distributors.  Please
refer to the applicable agreement for further details.



+---------------------------------------------------------------------------------+
; Timing Analyzer Summary                                                         ;
+-----------------------+---------------------------------------------------------+
; Quartus Prime Version ; Version 18.0.0 Build 614 04/24/2018 SJ Standard Edition ;
; Timing Analyzer       ; Legacy Timing Analyzer                                  ;
; Revision Name         ; ultrasonic_sensor3_1                                    ;
; Device Family         ; MAX II                                                  ;
; Device Name           ; EPM240T100C5                                            ;
; Timing Models         ; Final                                                   ;
; Delay Model           ; Slow Model                                              ;
; Rise/Fall Delays      ; Unavailable                                             ;
+-----------------------+---------------------------------------------------------+


+------------------------------------------+
; Parallel Compilation                     ;
+----------------------------+-------------+
; Processors                 ; Number      ;
+----------------------------+-------------+
; Number detected on machine ; 8           ;
; Maximum allowed            ; 4           ;
;                            ;             ;
; Average used               ; 1.00        ;
; Maximum used               ; 1           ;
;                            ;             ;
; Usage by Processor         ; % Time Used ;
;     Processor 1            ; 100.0%      ;
+----------------------------+-------------+


+------------------------------------------------------------------------------------------------------------------------------------------------------------------------------------------+
; Clocks                                                                                                                                                                                   ;
+-------------+------+--------+------------+-------+-------+------------+-----------+-------------+-------+--------+-----------+------------+----------+--------+--------+-----------------+
; Clock Name  ; Type ; Period ; Frequency  ; Rise  ; Fall  ; Duty Cycle ; Divide by ; Multiply by ; Phase ; Offset ; Edge List ; Edge Shift ; Inverted ; Master ; Source ; Targets         ;
+-------------+------+--------+------------+-------+-------+------------+-----------+-------------+-------+--------+-----------+------------+----------+--------+--------+-----------------+
; gclk        ; Base ; 1.000  ; 1000.0 MHz ; 0.000 ; 0.500 ;            ;           ;             ;       ;        ;           ;            ;          ;        ;        ; { gclk }        ;
; spi:m2|sclk ; Base ; 1.000  ; 1000.0 MHz ; 0.000 ; 0.500 ;            ;           ;             ;       ;        ;           ;            ;          ;        ;        ; { spi:m2|sclk } ;
+-------------+------+--------+------------+-------+-------+------------+-----------+-------------+-------+--------+-----------+------------+----------+--------+--------+-----------------+


+---------------------------------------------------+
; Fmax Summary                                      ;
+------------+-----------------+-------------+------+
; Fmax       ; Restricted Fmax ; Clock Name  ; Note ;
+------------+-----------------+-------------+------+
; 139.04 MHz ; 139.04 MHz      ; spi:m2|sclk ;      ;
; 199.08 MHz ; 199.08 MHz      ; gclk        ;      ;
+------------+-----------------+-------------+------+
This panel reports FMAX for every clock in the design, regardless of the user-specified clock periods.  FMAX is only computed for paths where the source and destination registers or ports are driven by the same clock.  Paths of different clocks, including generated clocks, are ignored.  For paths between a clock and its inversion, FMAX is computed as if the rising and falling edges are scaled along with FMAX, such that the duty cycle (in terms of a percentage) is maintained. Altera recommends that you always use clock constraints and other slack reports for sign-off analysis.


+--------------------------------------+
; Setup Summary                        ;
+-------------+--------+---------------+
; Clock       ; Slack  ; End Point TNS ;
+-------------+--------+---------------+
; spi:m2|sclk ; -6.192 ; -118.772      ;
; gclk        ; -5.012 ; -82.706       ;
+-------------+--------+---------------+


+--------------------------------------+
; Hold Summary                         ;
+-------------+--------+---------------+
; Clock       ; Slack  ; End Point TNS ;
+-------------+--------+---------------+
; gclk        ; -1.617 ; -1.617        ;
; spi:m2|sclk ; 2.048  ; 0.000         ;
+-------------+--------+---------------+


--------------------
; Recovery Summary ;
--------------------
No paths to report.


-------------------
; Removal Summary ;
-------------------
No paths to report.


+--------------------------------------+
; Minimum Pulse Width Summary          ;
+-------------+--------+---------------+
; Clock       ; Slack  ; End Point TNS ;
+-------------+--------+---------------+
; gclk        ; -2.289 ; -2.289        ;
; spi:m2|sclk ; 0.234  ; 0.000         ;
+-------------+--------+---------------+


+------------------------------------------------------------------------------------------------------------------------------+
; Setup: 'spi:m2|sclk'                                                                                                         ;
+--------+-----------------------+-----------------------+--------------+-------------+--------------+------------+------------+
; Slack  ; From Node             ; To Node               ; Launch Clock ; Latch Clock ; Relationship ; Clock Skew ; Data Delay ;
+--------+-----------------------+-----------------------+--------------+-------------+--------------+------------+------------+
; -6.192 ; spi:m2|CNT[3]         ; spi:m2|DATA_SHIFT[13] ; spi:m2|sclk  ; spi:m2|sclk ; 1.000        ; 0.000      ; 6.859      ;
; -6.189 ; spi:m2|CNT[3]         ; spi:m2|DATA_SHIFT[0]  ; spi:m2|sclk  ; spi:m2|sclk ; 1.000        ; 0.000      ; 6.856      ;
; -6.011 ; spi:m2|SPI_CNT[0]     ; spi:m2|DATA_SHIFT[11] ; gclk         ; spi:m2|sclk ; 1.000        ; 0.318      ; 6.996      ;
; -5.992 ; spi:m2|CNT[3]         ; spi:m2|DATA_SHIFT[1]  ; spi:m2|sclk  ; spi:m2|sclk ; 1.000        ; 0.000      ; 6.659      ;
; -5.987 ; spi:m2|CNT[3]         ; spi:m2|DATA_SHIFT[5]  ; spi:m2|sclk  ; spi:m2|sclk ; 1.000        ; 0.000      ; 6.654      ;
; -5.892 ; spi:m2|CNT[3]         ; spi:m2|DATA_SHIFT[6]  ; spi:m2|sclk  ; spi:m2|sclk ; 1.000        ; 0.000      ; 6.559      ;
; -5.864 ; spi:m2|CNT[2]         ; spi:m2|DATA_SHIFT[13] ; spi:m2|sclk  ; spi:m2|sclk ; 1.000        ; 0.000      ; 6.531      ;
; -5.861 ; spi:m2|CNT[2]         ; spi:m2|DATA_SHIFT[0]  ; spi:m2|sclk  ; spi:m2|sclk ; 1.000        ; 0.000      ; 6.528      ;
; -5.841 ; spi:m2|CNT[3]         ; spi:m2|DATA_SHIFT[2]  ; spi:m2|sclk  ; spi:m2|sclk ; 1.000        ; 0.000      ; 6.508      ;
; -5.837 ; spi:m2|CNT[3]         ; spi:m2|DATA_SHIFT[4]  ; spi:m2|sclk  ; spi:m2|sclk ; 1.000        ; 0.000      ; 6.504      ;
; -5.831 ; spi:m2|CNT[3]         ; spi:m2|DATA_SHIFT[3]  ; spi:m2|sclk  ; spi:m2|sclk ; 1.000        ; 0.000      ; 6.498      ;
; -5.821 ; spi:m2|CNT[3]         ; spi:m2|DATA_SHIFT[12] ; spi:m2|sclk  ; spi:m2|sclk ; 1.000        ; 0.000      ; 6.488      ;
; -5.806 ; spi:m2|CNT[3]         ; spi:m2|DATA_SHIFT[14] ; spi:m2|sclk  ; spi:m2|sclk ; 1.000        ; 0.000      ; 6.473      ;
; -5.736 ; spi:m2|CNT[5]         ; spi:m2|DATA_SHIFT[9]  ; spi:m2|sclk  ; spi:m2|sclk ; 1.000        ; 0.000      ; 6.403      ;
; -5.713 ; spi:m2|CNT[3]         ; spi:m2|DATA_SHIFT[15] ; spi:m2|sclk  ; spi:m2|sclk ; 1.000        ; 0.000      ; 6.380      ;
; -5.711 ; spi:m2|CNT[3]         ; spi:m2|DATA_SHIFT[7]  ; spi:m2|sclk  ; spi:m2|sclk ; 1.000        ; 0.000      ; 6.378      ;
; -5.711 ; spi:m2|CNT[0]         ; spi:m2|DATA_SHIFT[9]  ; spi:m2|sclk  ; spi:m2|sclk ; 1.000        ; 0.000      ; 6.378      ;
; -5.664 ; spi:m2|CNT[2]         ; spi:m2|DATA_SHIFT[1]  ; spi:m2|sclk  ; spi:m2|sclk ; 1.000        ; 0.000      ; 6.331      ;
; -5.659 ; spi:m2|CNT[2]         ; spi:m2|DATA_SHIFT[5]  ; spi:m2|sclk  ; spi:m2|sclk ; 1.000        ; 0.000      ; 6.326      ;
; -5.600 ; spi:m2|SPI_CNT[5]     ; spi:m2|DATA_SHIFT[15] ; gclk         ; spi:m2|sclk ; 1.000        ; 0.318      ; 6.585      ;
; -5.589 ; spi:m2|CNT[0]         ; spi:m2|DATA_SHIFT[15] ; spi:m2|sclk  ; spi:m2|sclk ; 1.000        ; 0.000      ; 6.256      ;
; -5.580 ; spi:m2|CNT[4]         ; spi:m2|DATA_SHIFT[15] ; spi:m2|sclk  ; spi:m2|sclk ; 1.000        ; 0.000      ; 6.247      ;
; -5.564 ; spi:m2|CNT[2]         ; spi:m2|DATA_SHIFT[6]  ; spi:m2|sclk  ; spi:m2|sclk ; 1.000        ; 0.000      ; 6.231      ;
; -5.542 ; spi:m2|CNT[0]         ; spi:m2|DATA_SHIFT[11] ; spi:m2|sclk  ; spi:m2|sclk ; 1.000        ; 0.000      ; 6.209      ;
; -5.536 ; spi:m2|CNT[3]         ; spi:m2|DATA_SHIFT[11] ; spi:m2|sclk  ; spi:m2|sclk ; 1.000        ; 0.000      ; 6.203      ;
; -5.534 ; spi:m2|SPI_CNT[4]     ; spi:m2|DATA_SHIFT[15] ; gclk         ; spi:m2|sclk ; 1.000        ; 0.318      ; 6.519      ;
; -5.533 ; spi:m2|CNT[5]         ; spi:m2|DATA_SHIFT[10] ; spi:m2|sclk  ; spi:m2|sclk ; 1.000        ; 0.000      ; 6.200      ;
; -5.527 ; spi:m2|CNT[5]         ; spi:m2|DATA_SHIFT[8]  ; spi:m2|sclk  ; spi:m2|sclk ; 1.000        ; 0.000      ; 6.194      ;
; -5.526 ; spi:m2|CNT[3]         ; spi:m2|DATA_SHIFT[9]  ; spi:m2|sclk  ; spi:m2|sclk ; 1.000        ; 0.000      ; 6.193      ;
; -5.515 ; spi:m2|CNT[0]         ; spi:m2|DATA_SHIFT[8]  ; spi:m2|sclk  ; spi:m2|sclk ; 1.000        ; 0.000      ; 6.182      ;
; -5.513 ; spi:m2|CNT[4]         ; spi:m2|DATA_SHIFT[1]  ; spi:m2|sclk  ; spi:m2|sclk ; 1.000        ; 0.000      ; 6.180      ;
; -5.513 ; spi:m2|CNT[2]         ; spi:m2|DATA_SHIFT[2]  ; spi:m2|sclk  ; spi:m2|sclk ; 1.000        ; 0.000      ; 6.180      ;
; -5.509 ; spi:m2|CNT[2]         ; spi:m2|DATA_SHIFT[4]  ; spi:m2|sclk  ; spi:m2|sclk ; 1.000        ; 0.000      ; 6.176      ;
; -5.509 ; spi:m2|CNT[0]         ; spi:m2|DATA_SHIFT[10] ; spi:m2|sclk  ; spi:m2|sclk ; 1.000        ; 0.000      ; 6.176      ;
; -5.508 ; spi:m2|CNT[4]         ; spi:m2|DATA_SHIFT[5]  ; spi:m2|sclk  ; spi:m2|sclk ; 1.000        ; 0.000      ; 6.175      ;
; -5.503 ; spi:m2|CNT[2]         ; spi:m2|DATA_SHIFT[3]  ; spi:m2|sclk  ; spi:m2|sclk ; 1.000        ; 0.000      ; 6.170      ;
; -5.493 ; spi:m2|CNT[2]         ; spi:m2|DATA_SHIFT[12] ; spi:m2|sclk  ; spi:m2|sclk ; 1.000        ; 0.000      ; 6.160      ;
; -5.488 ; spi:m2|CNT[3]         ; spi:m2|DATA_SHIFT[8]  ; spi:m2|sclk  ; spi:m2|sclk ; 1.000        ; 0.000      ; 6.155      ;
; -5.482 ; spi:m2|CNT[3]         ; spi:m2|DATA_SHIFT[10] ; spi:m2|sclk  ; spi:m2|sclk ; 1.000        ; 0.000      ; 6.149      ;
; -5.480 ; spi:m2|CNT[1]         ; spi:m2|DATA_SHIFT[13] ; spi:m2|sclk  ; spi:m2|sclk ; 1.000        ; 0.000      ; 6.147      ;
; -5.478 ; spi:m2|CNT[2]         ; spi:m2|DATA_SHIFT[14] ; spi:m2|sclk  ; spi:m2|sclk ; 1.000        ; 0.000      ; 6.145      ;
; -5.477 ; spi:m2|CNT[1]         ; spi:m2|DATA_SHIFT[0]  ; spi:m2|sclk  ; spi:m2|sclk ; 1.000        ; 0.000      ; 6.144      ;
; -5.413 ; spi:m2|SPI_CNT[2]     ; spi:m2|DATA_SHIFT[15] ; gclk         ; spi:m2|sclk ; 1.000        ; 0.318      ; 6.398      ;
; -5.385 ; spi:m2|CNT[2]         ; spi:m2|DATA_SHIFT[15] ; spi:m2|sclk  ; spi:m2|sclk ; 1.000        ; 0.000      ; 6.052      ;
; -5.383 ; spi:m2|CNT[2]         ; spi:m2|DATA_SHIFT[7]  ; spi:m2|sclk  ; spi:m2|sclk ; 1.000        ; 0.000      ; 6.050      ;
; -5.362 ; spi:m2|CNT[4]         ; spi:m2|DATA_SHIFT[2]  ; spi:m2|sclk  ; spi:m2|sclk ; 1.000        ; 0.000      ; 6.029      ;
; -5.358 ; spi:m2|CNT[4]         ; spi:m2|DATA_SHIFT[4]  ; spi:m2|sclk  ; spi:m2|sclk ; 1.000        ; 0.000      ; 6.025      ;
; -5.352 ; spi:m2|CNT[4]         ; spi:m2|DATA_SHIFT[3]  ; spi:m2|sclk  ; spi:m2|sclk ; 1.000        ; 0.000      ; 6.019      ;
; -5.346 ; spi:m2|CNT[5]         ; spi:m2|DATA_SHIFT[11] ; spi:m2|sclk  ; spi:m2|sclk ; 1.000        ; 0.000      ; 6.013      ;
; -5.342 ; spi:m2|CNT[4]         ; spi:m2|DATA_SHIFT[12] ; spi:m2|sclk  ; spi:m2|sclk ; 1.000        ; 0.000      ; 6.009      ;
; -5.340 ; spi:m2|CNT[0]         ; spi:m2|DATA_SHIFT[1]  ; spi:m2|sclk  ; spi:m2|sclk ; 1.000        ; 0.000      ; 6.007      ;
; -5.335 ; spi:m2|CNT[0]         ; spi:m2|DATA_SHIFT[5]  ; spi:m2|sclk  ; spi:m2|sclk ; 1.000        ; 0.000      ; 6.002      ;
; -5.330 ; spi:m2|CNT[5]         ; spi:m2|DATA_SHIFT[3]  ; spi:m2|sclk  ; spi:m2|sclk ; 1.000        ; 0.000      ; 5.997      ;
; -5.328 ; spi:m2|CNT[5]         ; spi:m2|DATA_SHIFT[4]  ; spi:m2|sclk  ; spi:m2|sclk ; 1.000        ; 0.000      ; 5.995      ;
; -5.322 ; spi:m2|CNT[5]         ; spi:m2|DATA_SHIFT[15] ; spi:m2|sclk  ; spi:m2|sclk ; 1.000        ; 0.000      ; 5.989      ;
; -5.318 ; spi:m2|CNT[5]         ; spi:m2|DATA_SHIFT[2]  ; spi:m2|sclk  ; spi:m2|sclk ; 1.000        ; 0.000      ; 5.985      ;
; -5.280 ; spi:m2|CNT[1]         ; spi:m2|DATA_SHIFT[1]  ; spi:m2|sclk  ; spi:m2|sclk ; 1.000        ; 0.000      ; 5.947      ;
; -5.277 ; spi:m2|DATA_SHIFT[12] ; spi:m2|DATA_SHIFT[13] ; spi:m2|sclk  ; spi:m2|sclk ; 1.000        ; 0.000      ; 5.944      ;
; -5.275 ; spi:m2|CNT[1]         ; spi:m2|DATA_SHIFT[5]  ; spi:m2|sclk  ; spi:m2|sclk ; 1.000        ; 0.000      ; 5.942      ;
; -5.232 ; spi:m2|CNT[4]         ; spi:m2|DATA_SHIFT[7]  ; spi:m2|sclk  ; spi:m2|sclk ; 1.000        ; 0.000      ; 5.899      ;
; -5.208 ; spi:m2|SPI_CNT[1]     ; spi:m2|DATA_SHIFT[15] ; gclk         ; spi:m2|sclk ; 1.000        ; 0.318      ; 6.193      ;
; -5.208 ; spi:m2|CNT[2]         ; spi:m2|DATA_SHIFT[11] ; spi:m2|sclk  ; spi:m2|sclk ; 1.000        ; 0.000      ; 5.875      ;
; -5.198 ; spi:m2|CNT[2]         ; spi:m2|DATA_SHIFT[9]  ; spi:m2|sclk  ; spi:m2|sclk ; 1.000        ; 0.000      ; 5.865      ;
; -5.190 ; spi:m2|CNT[4]         ; spi:m2|DATA_SHIFT[13] ; spi:m2|sclk  ; spi:m2|sclk ; 1.000        ; 0.000      ; 5.857      ;
; -5.189 ; spi:m2|CNT[0]         ; spi:m2|DATA_SHIFT[2]  ; spi:m2|sclk  ; spi:m2|sclk ; 1.000        ; 0.000      ; 5.856      ;
; -5.185 ; spi:m2|CNT[0]         ; spi:m2|DATA_SHIFT[4]  ; spi:m2|sclk  ; spi:m2|sclk ; 1.000        ; 0.000      ; 5.852      ;
; -5.180 ; spi:m2|CNT[1]         ; spi:m2|DATA_SHIFT[6]  ; spi:m2|sclk  ; spi:m2|sclk ; 1.000        ; 0.000      ; 5.847      ;
; -5.179 ; spi:m2|CNT[0]         ; spi:m2|DATA_SHIFT[3]  ; spi:m2|sclk  ; spi:m2|sclk ; 1.000        ; 0.000      ; 5.846      ;
; -5.172 ; spi:m2|SPI_CNT[3]     ; spi:m2|DATA_SHIFT[11] ; gclk         ; spi:m2|sclk ; 1.000        ; 0.318      ; 6.157      ;
; -5.169 ; spi:m2|CNT[0]         ; spi:m2|DATA_SHIFT[12] ; spi:m2|sclk  ; spi:m2|sclk ; 1.000        ; 0.000      ; 5.836      ;
; -5.160 ; spi:m2|CNT[2]         ; spi:m2|DATA_SHIFT[8]  ; spi:m2|sclk  ; spi:m2|sclk ; 1.000        ; 0.000      ; 5.827      ;
; -5.156 ; spi:m2|CNT[5]         ; spi:m2|DATA_SHIFT[1]  ; spi:m2|sclk  ; spi:m2|sclk ; 1.000        ; 0.000      ; 5.823      ;
; -5.154 ; spi:m2|CNT[2]         ; spi:m2|DATA_SHIFT[10] ; spi:m2|sclk  ; spi:m2|sclk ; 1.000        ; 0.000      ; 5.821      ;
; -5.151 ; spi:m2|CNT[5]         ; spi:m2|DATA_SHIFT[5]  ; spi:m2|sclk  ; spi:m2|sclk ; 1.000        ; 0.000      ; 5.818      ;
; -5.129 ; spi:m2|CNT[1]         ; spi:m2|DATA_SHIFT[2]  ; spi:m2|sclk  ; spi:m2|sclk ; 1.000        ; 0.000      ; 5.796      ;
; -5.127 ; spi:m2|WORK           ; spi:m2|DATA_SHIFT[6]  ; gclk         ; spi:m2|sclk ; 1.000        ; 0.318      ; 6.112      ;
; -5.125 ; spi:m2|CNT[1]         ; spi:m2|DATA_SHIFT[4]  ; spi:m2|sclk  ; spi:m2|sclk ; 1.000        ; 0.000      ; 5.792      ;
; -5.119 ; spi:m2|CNT[1]         ; spi:m2|DATA_SHIFT[3]  ; spi:m2|sclk  ; spi:m2|sclk ; 1.000        ; 0.000      ; 5.786      ;
; -5.118 ; spi:m2|SPI_CNT[1]     ; spi:m2|DATA_SHIFT[9]  ; gclk         ; spi:m2|sclk ; 1.000        ; 0.318      ; 6.103      ;
; -5.109 ; spi:m2|CNT[1]         ; spi:m2|DATA_SHIFT[12] ; spi:m2|sclk  ; spi:m2|sclk ; 1.000        ; 0.000      ; 5.776      ;
; -5.107 ; spi:m2|CNT[5]         ; spi:m2|DATA_SHIFT[0]  ; spi:m2|sclk  ; spi:m2|sclk ; 1.000        ; 0.000      ; 5.774      ;
; -5.100 ; spi:m2|CNT[5]         ; spi:m2|DATA_SHIFT[13] ; spi:m2|sclk  ; spi:m2|sclk ; 1.000        ; 0.000      ; 5.767      ;
; -5.094 ; spi:m2|CNT[1]         ; spi:m2|DATA_SHIFT[14] ; spi:m2|sclk  ; spi:m2|sclk ; 1.000        ; 0.000      ; 5.761      ;
; -5.063 ; spi:m2|SPI_CNT[0]     ; spi:m2|DATA_SHIFT[12] ; gclk         ; spi:m2|sclk ; 1.000        ; 0.318      ; 6.048      ;
; -5.059 ; spi:m2|CNT[0]         ; spi:m2|DATA_SHIFT[7]  ; spi:m2|sclk  ; spi:m2|sclk ; 1.000        ; 0.000      ; 5.726      ;
; -5.047 ; spi:m2|CNT[4]         ; spi:m2|DATA_SHIFT[9]  ; spi:m2|sclk  ; spi:m2|sclk ; 1.000        ; 0.000      ; 5.714      ;
; -5.035 ; spi:m2|CNT[4]         ; spi:m2|DATA_SHIFT[6]  ; spi:m2|sclk  ; spi:m2|sclk ; 1.000        ; 0.000      ; 5.702      ;
; -5.001 ; spi:m2|CNT[1]         ; spi:m2|DATA_SHIFT[15] ; spi:m2|sclk  ; spi:m2|sclk ; 1.000        ; 0.000      ; 5.668      ;
; -4.999 ; spi:m2|CNT[1]         ; spi:m2|DATA_SHIFT[7]  ; spi:m2|sclk  ; spi:m2|sclk ; 1.000        ; 0.000      ; 5.666      ;
; -4.996 ; spi:m2|SPI_CNT[0]     ; spi:m2|DATA_SHIFT[1]  ; gclk         ; spi:m2|sclk ; 1.000        ; 0.318      ; 5.981      ;
; -4.985 ; spi:m2|CNT[5]         ; spi:m2|DATA_SHIFT[12] ; spi:m2|sclk  ; spi:m2|sclk ; 1.000        ; 0.000      ; 5.652      ;
; -4.984 ; spi:m2|SPI_CNT[4]     ; spi:m2|DATA_SHIFT[9]  ; gclk         ; spi:m2|sclk ; 1.000        ; 0.318      ; 5.969      ;
; -4.936 ; spi:m2|SPI_CNT[5]     ; spi:m2|DATA_SHIFT[13] ; gclk         ; spi:m2|sclk ; 1.000        ; 0.318      ; 5.921      ;
; -4.925 ; spi:m2|CNT[0]         ; spi:m2|DATA_SHIFT[13] ; spi:m2|sclk  ; spi:m2|sclk ; 1.000        ; 0.000      ; 5.592      ;
; -4.923 ; spi:m2|SPI_CNT[2]     ; spi:m2|DATA_SHIFT[11] ; gclk         ; spi:m2|sclk ; 1.000        ; 0.318      ; 5.908      ;
; -4.910 ; spi:m2|CNT[0]         ; spi:m2|DATA_SHIFT[0]  ; spi:m2|sclk  ; spi:m2|sclk ; 1.000        ; 0.000      ; 5.577      ;
; -4.887 ; spi:m2|SPI_CNT[0]     ; spi:m2|DATA_SHIFT[4]  ; gclk         ; spi:m2|sclk ; 1.000        ; 0.318      ; 5.872      ;
; -4.875 ; spi:m2|CNT[5]         ; spi:m2|DATA_SHIFT[7]  ; spi:m2|sclk  ; spi:m2|sclk ; 1.000        ; 0.000      ; 5.542      ;
; -4.874 ; spi:m2|SPI_CNT[3]     ; spi:m2|DATA_SHIFT[15] ; gclk         ; spi:m2|sclk ; 1.000        ; 0.318      ; 5.859      ;
; -4.874 ; spi:m2|SPI_CNT[3]     ; spi:m2|DATA_SHIFT[4]  ; gclk         ; spi:m2|sclk ; 1.000        ; 0.318      ; 5.859      ;
+--------+-----------------------+-----------------------+--------------+-------------+--------------+------------+------------+


+-----------------------------------------------------------------------------------------------------------------------------+
; Setup: 'gclk'                                                                                                               ;
+--------+-------------------------+--------------------+--------------+-------------+--------------+------------+------------+
; Slack  ; From Node               ; To Node            ; Launch Clock ; Latch Clock ; Relationship ; Clock Skew ; Data Delay ;
+--------+-------------------------+--------------------+--------------+-------------+--------------+------------+------------+
; -5.012 ; spi:m2|CNT[1]           ; spi:m2|DONE_CNT[0] ; spi:m2|sclk  ; gclk        ; 1.000        ; -0.318     ; 5.361      ;
; -5.012 ; spi:m2|CNT[1]           ; spi:m2|DONE_CNT[1] ; spi:m2|sclk  ; gclk        ; 1.000        ; -0.318     ; 5.361      ;
; -5.012 ; spi:m2|CNT[1]           ; spi:m2|DONE_CNT[4] ; spi:m2|sclk  ; gclk        ; 1.000        ; -0.318     ; 5.361      ;
; -5.012 ; spi:m2|CNT[1]           ; spi:m2|DONE_CNT[2] ; spi:m2|sclk  ; gclk        ; 1.000        ; -0.318     ; 5.361      ;
; -5.012 ; spi:m2|CNT[1]           ; spi:m2|DONE_CNT[3] ; spi:m2|sclk  ; gclk        ; 1.000        ; -0.318     ; 5.361      ;
; -5.012 ; spi:m2|CNT[2]           ; spi:m2|DONE_CNT[0] ; spi:m2|sclk  ; gclk        ; 1.000        ; -0.318     ; 5.361      ;
; -5.012 ; spi:m2|CNT[2]           ; spi:m2|DONE_CNT[1] ; spi:m2|sclk  ; gclk        ; 1.000        ; -0.318     ; 5.361      ;
; -5.012 ; spi:m2|CNT[2]           ; spi:m2|DONE_CNT[4] ; spi:m2|sclk  ; gclk        ; 1.000        ; -0.318     ; 5.361      ;
; -5.012 ; spi:m2|CNT[2]           ; spi:m2|DONE_CNT[2] ; spi:m2|sclk  ; gclk        ; 1.000        ; -0.318     ; 5.361      ;
; -5.012 ; spi:m2|CNT[2]           ; spi:m2|DONE_CNT[3] ; spi:m2|sclk  ; gclk        ; 1.000        ; -0.318     ; 5.361      ;
; -4.859 ; spi:m2|CNT[0]           ; spi:m2|DONE_CNT[0] ; spi:m2|sclk  ; gclk        ; 1.000        ; -0.318     ; 5.208      ;
; -4.859 ; spi:m2|CNT[0]           ; spi:m2|DONE_CNT[1] ; spi:m2|sclk  ; gclk        ; 1.000        ; -0.318     ; 5.208      ;
; -4.859 ; spi:m2|CNT[0]           ; spi:m2|DONE_CNT[4] ; spi:m2|sclk  ; gclk        ; 1.000        ; -0.318     ; 5.208      ;
; -4.859 ; spi:m2|CNT[0]           ; spi:m2|DONE_CNT[2] ; spi:m2|sclk  ; gclk        ; 1.000        ; -0.318     ; 5.208      ;
; -4.859 ; spi:m2|CNT[0]           ; spi:m2|DONE_CNT[3] ; spi:m2|sclk  ; gclk        ; 1.000        ; -0.318     ; 5.208      ;
; -4.641 ; spi:m2|CNT[5]           ; spi:m2|DONE_CNT[0] ; spi:m2|sclk  ; gclk        ; 1.000        ; -0.318     ; 4.990      ;
; -4.641 ; spi:m2|CNT[5]           ; spi:m2|DONE_CNT[1] ; spi:m2|sclk  ; gclk        ; 1.000        ; -0.318     ; 4.990      ;
; -4.641 ; spi:m2|CNT[5]           ; spi:m2|DONE_CNT[4] ; spi:m2|sclk  ; gclk        ; 1.000        ; -0.318     ; 4.990      ;
; -4.641 ; spi:m2|CNT[5]           ; spi:m2|DONE_CNT[2] ; spi:m2|sclk  ; gclk        ; 1.000        ; -0.318     ; 4.990      ;
; -4.641 ; spi:m2|CNT[5]           ; spi:m2|DONE_CNT[3] ; spi:m2|sclk  ; gclk        ; 1.000        ; -0.318     ; 4.990      ;
; -4.520 ; spi:m2|CNT[3]           ; spi:m2|DONE_CNT[0] ; spi:m2|sclk  ; gclk        ; 1.000        ; -0.318     ; 4.869      ;
; -4.520 ; spi:m2|CNT[3]           ; spi:m2|DONE_CNT[1] ; spi:m2|sclk  ; gclk        ; 1.000        ; -0.318     ; 4.869      ;
; -4.520 ; spi:m2|CNT[3]           ; spi:m2|DONE_CNT[4] ; spi:m2|sclk  ; gclk        ; 1.000        ; -0.318     ; 4.869      ;
; -4.520 ; spi:m2|CNT[3]           ; spi:m2|DONE_CNT[2] ; spi:m2|sclk  ; gclk        ; 1.000        ; -0.318     ; 4.869      ;
; -4.520 ; spi:m2|CNT[3]           ; spi:m2|DONE_CNT[3] ; spi:m2|sclk  ; gclk        ; 1.000        ; -0.318     ; 4.869      ;
; -4.347 ; spi:m2|CNT[4]           ; spi:m2|DONE_CNT[0] ; spi:m2|sclk  ; gclk        ; 1.000        ; -0.318     ; 4.696      ;
; -4.347 ; spi:m2|CNT[4]           ; spi:m2|DONE_CNT[1] ; spi:m2|sclk  ; gclk        ; 1.000        ; -0.318     ; 4.696      ;
; -4.347 ; spi:m2|CNT[4]           ; spi:m2|DONE_CNT[4] ; spi:m2|sclk  ; gclk        ; 1.000        ; -0.318     ; 4.696      ;
; -4.347 ; spi:m2|CNT[4]           ; spi:m2|DONE_CNT[2] ; spi:m2|sclk  ; gclk        ; 1.000        ; -0.318     ; 4.696      ;
; -4.347 ; spi:m2|CNT[4]           ; spi:m2|DONE_CNT[3] ; spi:m2|sclk  ; gclk        ; 1.000        ; -0.318     ; 4.696      ;
; -4.023 ; spi:m2|SCLK_CNT[0]      ; spi:m2|SCLK_CNT[4] ; gclk         ; gclk        ; 1.000        ; 0.000      ; 4.690      ;
; -3.911 ; spi:m2|SCLK_CNT[1]      ; spi:m2|SCLK_CNT[4] ; gclk         ; gclk        ; 1.000        ; 0.000      ; 4.578      ;
; -3.897 ; spi:m2|SCLK_CNT[0]      ; spi:m2|SCLK_CNT[2] ; gclk         ; gclk        ; 1.000        ; 0.000      ; 4.564      ;
; -3.883 ; spi:m2|SCLK_CNT[3]      ; spi:m2|SCLK_CNT[4] ; gclk         ; gclk        ; 1.000        ; 0.000      ; 4.550      ;
; -3.787 ; spi:m2|SCLK_CNT[2]      ; spi:m2|SCLK_CNT[4] ; gclk         ; gclk        ; 1.000        ; 0.000      ; 4.454      ;
; -3.785 ; spi:m2|SCLK_CNT[1]      ; spi:m2|SCLK_CNT[2] ; gclk         ; gclk        ; 1.000        ; 0.000      ; 4.452      ;
; -3.757 ; spi:m2|SCLK_CNT[0]      ; spi:m2|SCLK_CNT[3] ; gclk         ; gclk        ; 1.000        ; 0.000      ; 4.424      ;
; -3.651 ; spi:m2|DONE_CNT[1]      ; spi:m2|done        ; gclk         ; gclk        ; 1.000        ; 0.000      ; 4.318      ;
; -3.645 ; spi:m2|SCLK_CNT[1]      ; spi:m2|SCLK_CNT[3] ; gclk         ; gclk        ; 1.000        ; 0.000      ; 4.312      ;
; -3.626 ; spi:m2|DONE_CNT[0]      ; spi:m2|done        ; gclk         ; gclk        ; 1.000        ; 0.000      ; 4.293      ;
; -3.534 ; spi:m2|SPI_CNT[0]       ; spi:m2|SPI_CNT[5]  ; gclk         ; gclk        ; 1.000        ; 0.000      ; 4.201      ;
; -3.521 ; spi:m2|SCLK_CNT[2]      ; spi:m2|SCLK_CNT[3] ; gclk         ; gclk        ; 1.000        ; 0.000      ; 4.188      ;
; -3.507 ; spi:m2|SCLK_CNT[3]      ; spi:m2|sclk        ; gclk         ; gclk        ; 1.000        ; 0.000      ; 4.174      ;
; -3.411 ; spi:m2|SPI_CNT[0]       ; spi:m2|SPI_CNT[4]  ; gclk         ; gclk        ; 1.000        ; 0.000      ; 4.078      ;
; -3.342 ; spi:m2|SCLK_CNT[1]      ; spi:m2|sclk        ; gclk         ; gclk        ; 1.000        ; 0.000      ; 4.009      ;
; -3.288 ; spi:m2|SPI_CNT[0]       ; spi:m2|SPI_CNT[3]  ; gclk         ; gclk        ; 1.000        ; 0.000      ; 3.955      ;
; -3.280 ; spi:m2|SCLK_CNT[4]      ; spi:m2|SCLK_CNT[4] ; gclk         ; gclk        ; 1.000        ; 0.000      ; 3.947      ;
; -3.261 ; spi:m2|SCLK_CNT[0]      ; spi:m2|SCLK_CNT[1] ; gclk         ; gclk        ; 1.000        ; 0.000      ; 3.928      ;
; -3.233 ; spi:m2|DONE_CNT[4]      ; spi:m2|done        ; gclk         ; gclk        ; 1.000        ; 0.000      ; 3.900      ;
; -3.178 ; spi:m2|DONE_CNT[2]      ; spi:m2|done        ; gclk         ; gclk        ; 1.000        ; 0.000      ; 3.845      ;
; -3.165 ; spi:m2|SPI_CNT[0]       ; spi:m2|SPI_CNT[2]  ; gclk         ; gclk        ; 1.000        ; 0.000      ; 3.832      ;
; -3.118 ; spi:m2|DONE_CNT[0]      ; spi:m2|DONE_CNT[4] ; gclk         ; gclk        ; 1.000        ; 0.000      ; 3.785      ;
; -2.995 ; spi:m2|DONE_CNT[0]      ; spi:m2|DONE_CNT[3] ; gclk         ; gclk        ; 1.000        ; 0.000      ; 3.662      ;
; -2.986 ; spi:m2|DONE_CNT[1]      ; spi:m2|DONE_CNT[4] ; gclk         ; gclk        ; 1.000        ; 0.000      ; 3.653      ;
; -2.973 ; spi:m2|CNT[2]           ; spi:m2|WORK        ; spi:m2|sclk  ; gclk        ; 1.000        ; -0.318     ; 3.322      ;
; -2.964 ; spi:m2|SCLK_CNT[0]      ; spi:m2|SCLK_CNT[0] ; gclk         ; gclk        ; 1.000        ; 0.000      ; 3.631      ;
; -2.962 ; spi:m2|SCLK_CNT[2]      ; spi:m2|SCLK_CNT[2] ; gclk         ; gclk        ; 1.000        ; 0.000      ; 3.629      ;
; -2.920 ; spi:m2|SPI_CNT[1]       ; spi:m2|SPI_CNT[5]  ; gclk         ; gclk        ; 1.000        ; 0.000      ; 3.587      ;
; -2.911 ; spi:m2|DONE_CNT[3]      ; spi:m2|done        ; gclk         ; gclk        ; 1.000        ; 0.000      ; 3.578      ;
; -2.908 ; spi:m2|done             ; spi:m2|SPI_CNT[5]  ; gclk         ; gclk        ; 1.000        ; 0.000      ; 3.575      ;
; -2.908 ; spi:m2|done             ; spi:m2|SPI_CNT[1]  ; gclk         ; gclk        ; 1.000        ; 0.000      ; 3.575      ;
; -2.908 ; spi:m2|done             ; spi:m2|SPI_CNT[2]  ; gclk         ; gclk        ; 1.000        ; 0.000      ; 3.575      ;
; -2.908 ; spi:m2|done             ; spi:m2|SPI_CNT[3]  ; gclk         ; gclk        ; 1.000        ; 0.000      ; 3.575      ;
; -2.908 ; spi:m2|done             ; spi:m2|SPI_CNT[4]  ; gclk         ; gclk        ; 1.000        ; 0.000      ; 3.575      ;
; -2.903 ; spi:m2|CNT[1]           ; spi:m2|WORK        ; spi:m2|sclk  ; gclk        ; 1.000        ; -0.318     ; 3.252      ;
; -2.872 ; spi:m2|DONE_CNT[0]      ; spi:m2|DONE_CNT[2] ; gclk         ; gclk        ; 1.000        ; 0.000      ; 3.539      ;
; -2.868 ; spi:m2|SCLK_CNT[3]      ; spi:m2|SCLK_CNT[0] ; gclk         ; gclk        ; 1.000        ; 0.000      ; 3.535      ;
; -2.867 ; spi:m2|SCLK_CNT[3]      ; spi:m2|SCLK_CNT[2] ; gclk         ; gclk        ; 1.000        ; 0.000      ; 3.534      ;
; -2.863 ; spi:m2|DONE_CNT[1]      ; spi:m2|DONE_CNT[3] ; gclk         ; gclk        ; 1.000        ; 0.000      ; 3.530      ;
; -2.861 ; spi:m2|SCLK_CNT[3]      ; spi:m2|SCLK_CNT[3] ; gclk         ; gclk        ; 1.000        ; 0.000      ; 3.528      ;
; -2.820 ; spi:m2|CNT[0]           ; spi:m2|WORK        ; spi:m2|sclk  ; gclk        ; 1.000        ; -0.318     ; 3.169      ;
; -2.818 ; spi:m2|SPI_CNT[2]       ; spi:m2|SPI_CNT[5]  ; gclk         ; gclk        ; 1.000        ; 0.000      ; 3.485      ;
; -2.801 ; spi:m2|SCLK_CNT[2]      ; spi:m2|sclk        ; gclk         ; gclk        ; 1.000        ; 0.000      ; 3.468      ;
; -2.797 ; spi:m2|SPI_CNT[1]       ; spi:m2|SPI_CNT[4]  ; gclk         ; gclk        ; 1.000        ; 0.000      ; 3.464      ;
; -2.763 ; spi:m2|SPI_CNT[4]       ; spi:m2|SPI_CNT[5]  ; gclk         ; gclk        ; 1.000        ; 0.000      ; 3.430      ;
; -2.749 ; spi:m2|DONE_CNT[0]      ; spi:m2|DONE_CNT[1] ; gclk         ; gclk        ; 1.000        ; 0.000      ; 3.416      ;
; -2.740 ; spi:m2|DONE_CNT[1]      ; spi:m2|DONE_CNT[2] ; gclk         ; gclk        ; 1.000        ; 0.000      ; 3.407      ;
; -2.732 ; spi:m2|DONE_CNT[3]      ; spi:m2|DONE_CNT[4] ; gclk         ; gclk        ; 1.000        ; 0.000      ; 3.399      ;
; -2.703 ; spi:m2|SCLK_CNT[1]      ; spi:m2|SCLK_CNT[0] ; gclk         ; gclk        ; 1.000        ; 0.000      ; 3.370      ;
; -2.699 ; spi:m2|SPI_CNT[3]       ; spi:m2|SPI_CNT[5]  ; gclk         ; gclk        ; 1.000        ; 0.000      ; 3.366      ;
; -2.695 ; spi:m2|SPI_CNT[2]       ; spi:m2|SPI_CNT[4]  ; gclk         ; gclk        ; 1.000        ; 0.000      ; 3.362      ;
; -2.674 ; spi:m2|SPI_CNT[1]       ; spi:m2|SPI_CNT[3]  ; gclk         ; gclk        ; 1.000        ; 0.000      ; 3.341      ;
; -2.632 ; spi:m2|DONE_CNT[2]      ; spi:m2|DONE_CNT[4] ; gclk         ; gclk        ; 1.000        ; 0.000      ; 3.299      ;
; -2.580 ; spi:m2|done             ; spi:m2|SPI_CNT[0]  ; gclk         ; gclk        ; 1.000        ; 0.000      ; 3.247      ;
; -2.576 ; spi:m2|SPI_CNT[3]       ; spi:m2|SPI_CNT[4]  ; gclk         ; gclk        ; 1.000        ; 0.000      ; 3.243      ;
; -2.572 ; spi:m2|SPI_CNT[2]       ; spi:m2|SPI_CNT[3]  ; gclk         ; gclk        ; 1.000        ; 0.000      ; 3.239      ;
; -2.551 ; spi:m2|SPI_CNT[1]       ; spi:m2|SPI_CNT[2]  ; gclk         ; gclk        ; 1.000        ; 0.000      ; 3.218      ;
; -2.534 ; main:m1|DETECTED_NUM[3] ; main:m1|ct         ; gclk         ; gclk        ; 1.000        ; 0.000      ; 3.201      ;
; -2.509 ; spi:m2|DONE_CNT[2]      ; spi:m2|DONE_CNT[3] ; gclk         ; gclk        ; 1.000        ; 0.000      ; 3.176      ;
; -2.481 ; spi:m2|CNT[3]           ; spi:m2|WORK        ; spi:m2|sclk  ; gclk        ; 1.000        ; -0.318     ; 2.830      ;
; -2.480 ; spi:m2|CNT[5]           ; spi:m2|WORK        ; spi:m2|sclk  ; gclk        ; 1.000        ; -0.318     ; 2.829      ;
; -2.450 ; spi:m2|SCLK_CNT[1]      ; spi:m2|SCLK_CNT[1] ; gclk         ; gclk        ; 1.000        ; 0.000      ; 3.117      ;
; -2.274 ; spi:m2|SCLK_CNT[4]      ; spi:m2|sclk        ; gclk         ; gclk        ; 1.000        ; 0.000      ; 2.941      ;
; -2.210 ; spi:m2|CNT[4]           ; spi:m2|WORK        ; spi:m2|sclk  ; gclk        ; 1.000        ; -0.318     ; 2.559      ;
; -2.209 ; spi:m2|SPI_CNT[0]       ; spi:m2|SPI_CNT[1]  ; gclk         ; gclk        ; 1.000        ; 0.000      ; 2.876      ;
; -2.190 ; main:m1|DETECTED_NUM[2] ; main:m1|ct         ; gclk         ; gclk        ; 1.000        ; 0.000      ; 2.857      ;
; -2.162 ; spi:m2|SCLK_CNT[2]      ; spi:m2|SCLK_CNT[0] ; gclk         ; gclk        ; 1.000        ; 0.000      ; 2.829      ;
; -1.913 ; spi:m2|WORK             ; spi:m2|nss         ; gclk         ; gclk        ; 1.000        ; 0.000      ; 2.580      ;
; -1.867 ; main:m1|DETECTED_NUM[0] ; main:m1|ct         ; gclk         ; gclk        ; 1.000        ; 0.000      ; 2.534      ;
; -1.807 ; spi:m2|SPI_CNT[4]       ; spi:m2|SPI_CNT[4]  ; gclk         ; gclk        ; 1.000        ; 0.000      ; 2.474      ;
+--------+-------------------------+--------------------+--------------+-------------+--------------+------------+------------+


+----------------------------------------------------------------------------------------------------------------------------------+
; Hold: 'gclk'                                                                                                                     ;
+--------+-------------------------+-------------------------+--------------+-------------+--------------+------------+------------+
; Slack  ; From Node               ; To Node                 ; Launch Clock ; Latch Clock ; Relationship ; Clock Skew ; Data Delay ;
+--------+-------------------------+-------------------------+--------------+-------------+--------------+------------+------------+
; -1.617 ; spi:m2|sclk             ; spi:m2|sclk             ; spi:m2|sclk  ; gclk        ; 0.000        ; 3.348      ; 2.328      ;
; -1.117 ; spi:m2|sclk             ; spi:m2|sclk             ; spi:m2|sclk  ; gclk        ; -0.500       ; 3.348      ; 2.328      ;
; 1.640  ; spi:m2|DONE_CNT[4]      ; spi:m2|DONE_CNT[4]      ; gclk         ; gclk        ; 0.000        ; 0.000      ; 1.861      ;
; 1.724  ; main:m1|DETECTED_NUM[0] ; main:m1|DETECTED_NUM[0] ; gclk         ; gclk        ; 0.000        ; 0.000      ; 1.945      ;
; 1.724  ; main:m1|DETECTED_NUM[0] ; main:m1|DETECTED_NUM[1] ; gclk         ; gclk        ; 0.000        ; 0.000      ; 1.945      ;
; 1.725  ; main:m1|DETECTED_NUM[0] ; main:m1|DETECTED_NUM[3] ; gclk         ; gclk        ; 0.000        ; 0.000      ; 1.946      ;
; 1.725  ; main:m1|DETECTED_NUM[0] ; main:m1|DETECTED_NUM[2] ; gclk         ; gclk        ; 0.000        ; 0.000      ; 1.946      ;
; 1.963  ; main:m1|DETECTED_NUM[1] ; main:m1|DETECTED_NUM[1] ; gclk         ; gclk        ; 0.000        ; 0.000      ; 2.184      ;
; 1.964  ; main:m1|DETECTED_NUM[1] ; main:m1|DETECTED_NUM[3] ; gclk         ; gclk        ; 0.000        ; 0.000      ; 2.185      ;
; 1.967  ; main:m1|DETECTED_NUM[1] ; main:m1|DETECTED_NUM[2] ; gclk         ; gclk        ; 0.000        ; 0.000      ; 2.188      ;
; 1.975  ; main:m1|DETECTED_NUM[1] ; main:m1|ct              ; gclk         ; gclk        ; 0.000        ; 0.000      ; 2.196      ;
; 2.048  ; spi:m2|SCLK_CNT[0]      ; spi:m2|sclk             ; gclk         ; gclk        ; 0.000        ; 0.000      ; 2.269      ;
; 2.080  ; spi:m2|SCLK_CNT[4]      ; spi:m2|SCLK_CNT[2]      ; gclk         ; gclk        ; 0.000        ; 0.000      ; 2.301      ;
; 2.081  ; spi:m2|SCLK_CNT[4]      ; spi:m2|SCLK_CNT[0]      ; gclk         ; gclk        ; 0.000        ; 0.000      ; 2.302      ;
; 2.108  ; spi:m2|DONE_CNT[2]      ; spi:m2|DONE_CNT[2]      ; gclk         ; gclk        ; 0.000        ; 0.000      ; 2.329      ;
; 2.141  ; main:m1|ct              ; main:m1|ct              ; gclk         ; gclk        ; 0.000        ; 0.000      ; 2.362      ;
; 2.146  ; main:m1|DETECTED_NUM[2] ; main:m1|DETECTED_NUM[2] ; gclk         ; gclk        ; 0.000        ; 0.000      ; 2.367      ;
; 2.148  ; main:m1|DETECTED_NUM[2] ; main:m1|DETECTED_NUM[3] ; gclk         ; gclk        ; 0.000        ; 0.000      ; 2.369      ;
; 2.150  ; spi:m2|SPI_CNT[1]       ; spi:m2|SPI_CNT[1]       ; gclk         ; gclk        ; 0.000        ; 0.000      ; 2.371      ;
; 2.158  ; spi:m2|SPI_CNT[0]       ; spi:m2|SPI_CNT[0]       ; gclk         ; gclk        ; 0.000        ; 0.000      ; 2.379      ;
; 2.171  ; spi:m2|SPI_CNT[2]       ; spi:m2|SPI_CNT[2]       ; gclk         ; gclk        ; 0.000        ; 0.000      ; 2.392      ;
; 2.175  ; spi:m2|SPI_CNT[3]       ; spi:m2|SPI_CNT[3]       ; gclk         ; gclk        ; 0.000        ; 0.000      ; 2.396      ;
; 2.222  ; spi:m2|DONE_CNT[3]      ; spi:m2|DONE_CNT[3]      ; gclk         ; gclk        ; 0.000        ; 0.000      ; 2.443      ;
; 2.230  ; spi:m2|DONE_CNT[1]      ; spi:m2|DONE_CNT[1]      ; gclk         ; gclk        ; 0.000        ; 0.000      ; 2.451      ;
; 2.231  ; main:m1|DETECTED_NUM[3] ; main:m1|DETECTED_NUM[3] ; gclk         ; gclk        ; 0.000        ; 0.000      ; 2.452      ;
; 2.239  ; spi:m2|DONE_CNT[0]      ; spi:m2|DONE_CNT[0]      ; gclk         ; gclk        ; 0.000        ; 0.000      ; 2.460      ;
; 2.241  ; spi:m2|SPI_CNT[5]       ; spi:m2|SPI_CNT[5]       ; gclk         ; gclk        ; 0.000        ; 0.000      ; 2.462      ;
; 2.253  ; spi:m2|SPI_CNT[4]       ; spi:m2|SPI_CNT[4]       ; gclk         ; gclk        ; 0.000        ; 0.000      ; 2.474      ;
; 2.313  ; main:m1|DETECTED_NUM[0] ; main:m1|ct              ; gclk         ; gclk        ; 0.000        ; 0.000      ; 2.534      ;
; 2.359  ; spi:m2|WORK             ; spi:m2|nss              ; gclk         ; gclk        ; 0.000        ; 0.000      ; 2.580      ;
; 2.563  ; spi:m2|SCLK_CNT[0]      ; spi:m2|SCLK_CNT[0]      ; gclk         ; gclk        ; 0.000        ; 0.000      ; 2.784      ;
; 2.565  ; spi:m2|SCLK_CNT[0]      ; spi:m2|SCLK_CNT[2]      ; gclk         ; gclk        ; 0.000        ; 0.000      ; 2.786      ;
; 2.607  ; spi:m2|SCLK_CNT[2]      ; spi:m2|SCLK_CNT[2]      ; gclk         ; gclk        ; 0.000        ; 0.000      ; 2.828      ;
; 2.608  ; spi:m2|SCLK_CNT[2]      ; spi:m2|SCLK_CNT[0]      ; gclk         ; gclk        ; 0.000        ; 0.000      ; 2.829      ;
; 2.636  ; main:m1|DETECTED_NUM[2] ; main:m1|ct              ; gclk         ; gclk        ; 0.000        ; 0.000      ; 2.857      ;
; 2.655  ; spi:m2|SPI_CNT[0]       ; spi:m2|SPI_CNT[1]       ; gclk         ; gclk        ; 0.000        ; 0.000      ; 2.876      ;
; 2.656  ; spi:m2|CNT[4]           ; spi:m2|WORK             ; spi:m2|sclk  ; gclk        ; 0.000        ; -0.318     ; 2.559      ;
; 2.720  ; spi:m2|SCLK_CNT[4]      ; spi:m2|sclk             ; gclk         ; gclk        ; 0.000        ; 0.000      ; 2.941      ;
; 2.896  ; spi:m2|SCLK_CNT[1]      ; spi:m2|SCLK_CNT[1]      ; gclk         ; gclk        ; 0.000        ; 0.000      ; 3.117      ;
; 2.926  ; spi:m2|CNT[5]           ; spi:m2|WORK             ; spi:m2|sclk  ; gclk        ; 0.000        ; -0.318     ; 2.829      ;
; 2.927  ; spi:m2|CNT[3]           ; spi:m2|WORK             ; spi:m2|sclk  ; gclk        ; 0.000        ; -0.318     ; 2.830      ;
; 2.940  ; spi:m2|DONE_CNT[2]      ; spi:m2|DONE_CNT[3]      ; gclk         ; gclk        ; 0.000        ; 0.000      ; 3.161      ;
; 2.980  ; main:m1|DETECTED_NUM[3] ; main:m1|ct              ; gclk         ; gclk        ; 0.000        ; 0.000      ; 3.201      ;
; 2.982  ; spi:m2|SPI_CNT[1]       ; spi:m2|SPI_CNT[2]       ; gclk         ; gclk        ; 0.000        ; 0.000      ; 3.203      ;
; 3.003  ; spi:m2|SPI_CNT[2]       ; spi:m2|SPI_CNT[3]       ; gclk         ; gclk        ; 0.000        ; 0.000      ; 3.224      ;
; 3.007  ; spi:m2|SPI_CNT[3]       ; spi:m2|SPI_CNT[4]       ; gclk         ; gclk        ; 0.000        ; 0.000      ; 3.228      ;
; 3.026  ; spi:m2|done             ; spi:m2|SPI_CNT[0]       ; gclk         ; gclk        ; 0.000        ; 0.000      ; 3.247      ;
; 3.051  ; spi:m2|DONE_CNT[2]      ; spi:m2|DONE_CNT[4]      ; gclk         ; gclk        ; 0.000        ; 0.000      ; 3.272      ;
; 3.093  ; spi:m2|SPI_CNT[1]       ; spi:m2|SPI_CNT[3]       ; gclk         ; gclk        ; 0.000        ; 0.000      ; 3.314      ;
; 3.114  ; spi:m2|SPI_CNT[2]       ; spi:m2|SPI_CNT[4]       ; gclk         ; gclk        ; 0.000        ; 0.000      ; 3.335      ;
; 3.118  ; spi:m2|SPI_CNT[3]       ; spi:m2|SPI_CNT[5]       ; gclk         ; gclk        ; 0.000        ; 0.000      ; 3.339      ;
; 3.148  ; spi:m2|SCLK_CNT[1]      ; spi:m2|SCLK_CNT[2]      ; gclk         ; gclk        ; 0.000        ; 0.000      ; 3.369      ;
; 3.149  ; spi:m2|SCLK_CNT[1]      ; spi:m2|SCLK_CNT[0]      ; gclk         ; gclk        ; 0.000        ; 0.000      ; 3.370      ;
; 3.162  ; spi:m2|DONE_CNT[3]      ; spi:m2|DONE_CNT[4]      ; gclk         ; gclk        ; 0.000        ; 0.000      ; 3.383      ;
; 3.170  ; spi:m2|DONE_CNT[1]      ; spi:m2|DONE_CNT[2]      ; gclk         ; gclk        ; 0.000        ; 0.000      ; 3.391      ;
; 3.179  ; spi:m2|DONE_CNT[0]      ; spi:m2|DONE_CNT[1]      ; gclk         ; gclk        ; 0.000        ; 0.000      ; 3.400      ;
; 3.193  ; spi:m2|SPI_CNT[4]       ; spi:m2|SPI_CNT[5]       ; gclk         ; gclk        ; 0.000        ; 0.000      ; 3.414      ;
; 3.204  ; spi:m2|SPI_CNT[1]       ; spi:m2|SPI_CNT[4]       ; gclk         ; gclk        ; 0.000        ; 0.000      ; 3.425      ;
; 3.225  ; spi:m2|SPI_CNT[2]       ; spi:m2|SPI_CNT[5]       ; gclk         ; gclk        ; 0.000        ; 0.000      ; 3.446      ;
; 3.247  ; spi:m2|SCLK_CNT[2]      ; spi:m2|sclk             ; gclk         ; gclk        ; 0.000        ; 0.000      ; 3.468      ;
; 3.266  ; spi:m2|CNT[0]           ; spi:m2|WORK             ; spi:m2|sclk  ; gclk        ; 0.000        ; -0.318     ; 3.169      ;
; 3.281  ; spi:m2|DONE_CNT[1]      ; spi:m2|DONE_CNT[3]      ; gclk         ; gclk        ; 0.000        ; 0.000      ; 3.502      ;
; 3.290  ; spi:m2|DONE_CNT[0]      ; spi:m2|DONE_CNT[2]      ; gclk         ; gclk        ; 0.000        ; 0.000      ; 3.511      ;
; 3.307  ; spi:m2|SCLK_CNT[3]      ; spi:m2|SCLK_CNT[3]      ; gclk         ; gclk        ; 0.000        ; 0.000      ; 3.528      ;
; 3.313  ; spi:m2|SCLK_CNT[3]      ; spi:m2|SCLK_CNT[2]      ; gclk         ; gclk        ; 0.000        ; 0.000      ; 3.534      ;
; 3.314  ; spi:m2|SCLK_CNT[3]      ; spi:m2|SCLK_CNT[0]      ; gclk         ; gclk        ; 0.000        ; 0.000      ; 3.535      ;
; 3.315  ; spi:m2|SPI_CNT[1]       ; spi:m2|SPI_CNT[5]       ; gclk         ; gclk        ; 0.000        ; 0.000      ; 3.536      ;
; 3.349  ; spi:m2|CNT[1]           ; spi:m2|WORK             ; spi:m2|sclk  ; gclk        ; 0.000        ; -0.318     ; 3.252      ;
; 3.354  ; spi:m2|done             ; spi:m2|SPI_CNT[5]       ; gclk         ; gclk        ; 0.000        ; 0.000      ; 3.575      ;
; 3.354  ; spi:m2|done             ; spi:m2|SPI_CNT[1]       ; gclk         ; gclk        ; 0.000        ; 0.000      ; 3.575      ;
; 3.354  ; spi:m2|done             ; spi:m2|SPI_CNT[2]       ; gclk         ; gclk        ; 0.000        ; 0.000      ; 3.575      ;
; 3.354  ; spi:m2|done             ; spi:m2|SPI_CNT[3]       ; gclk         ; gclk        ; 0.000        ; 0.000      ; 3.575      ;
; 3.354  ; spi:m2|done             ; spi:m2|SPI_CNT[4]       ; gclk         ; gclk        ; 0.000        ; 0.000      ; 3.575      ;
; 3.357  ; spi:m2|DONE_CNT[3]      ; spi:m2|done             ; gclk         ; gclk        ; 0.000        ; 0.000      ; 3.578      ;
; 3.392  ; spi:m2|DONE_CNT[1]      ; spi:m2|DONE_CNT[4]      ; gclk         ; gclk        ; 0.000        ; 0.000      ; 3.613      ;
; 3.401  ; spi:m2|DONE_CNT[0]      ; spi:m2|DONE_CNT[3]      ; gclk         ; gclk        ; 0.000        ; 0.000      ; 3.622      ;
; 3.419  ; spi:m2|CNT[2]           ; spi:m2|WORK             ; spi:m2|sclk  ; gclk        ; 0.000        ; -0.318     ; 3.322      ;
; 3.512  ; spi:m2|DONE_CNT[0]      ; spi:m2|DONE_CNT[4]      ; gclk         ; gclk        ; 0.000        ; 0.000      ; 3.733      ;
; 3.595  ; spi:m2|SPI_CNT[0]       ; spi:m2|SPI_CNT[2]       ; gclk         ; gclk        ; 0.000        ; 0.000      ; 3.816      ;
; 3.624  ; spi:m2|DONE_CNT[2]      ; spi:m2|done             ; gclk         ; gclk        ; 0.000        ; 0.000      ; 3.845      ;
; 3.679  ; spi:m2|DONE_CNT[4]      ; spi:m2|done             ; gclk         ; gclk        ; 0.000        ; 0.000      ; 3.900      ;
; 3.692  ; spi:m2|SCLK_CNT[0]      ; spi:m2|SCLK_CNT[1]      ; gclk         ; gclk        ; 0.000        ; 0.000      ; 3.913      ;
; 3.706  ; spi:m2|SPI_CNT[0]       ; spi:m2|SPI_CNT[3]       ; gclk         ; gclk        ; 0.000        ; 0.000      ; 3.927      ;
; 3.726  ; spi:m2|SCLK_CNT[4]      ; spi:m2|SCLK_CNT[4]      ; gclk         ; gclk        ; 0.000        ; 0.000      ; 3.947      ;
; 3.788  ; spi:m2|SCLK_CNT[1]      ; spi:m2|sclk             ; gclk         ; gclk        ; 0.000        ; 0.000      ; 4.009      ;
; 3.817  ; spi:m2|SPI_CNT[0]       ; spi:m2|SPI_CNT[4]       ; gclk         ; gclk        ; 0.000        ; 0.000      ; 4.038      ;
; 3.928  ; spi:m2|SPI_CNT[0]       ; spi:m2|SPI_CNT[5]       ; gclk         ; gclk        ; 0.000        ; 0.000      ; 4.149      ;
; 3.952  ; spi:m2|SCLK_CNT[2]      ; spi:m2|SCLK_CNT[3]      ; gclk         ; gclk        ; 0.000        ; 0.000      ; 4.173      ;
; 3.953  ; spi:m2|SCLK_CNT[3]      ; spi:m2|sclk             ; gclk         ; gclk        ; 0.000        ; 0.000      ; 4.174      ;
; 4.064  ; spi:m2|SCLK_CNT[1]      ; spi:m2|SCLK_CNT[3]      ; gclk         ; gclk        ; 0.000        ; 0.000      ; 4.285      ;
; 4.072  ; spi:m2|DONE_CNT[0]      ; spi:m2|done             ; gclk         ; gclk        ; 0.000        ; 0.000      ; 4.293      ;
; 4.097  ; spi:m2|DONE_CNT[1]      ; spi:m2|done             ; gclk         ; gclk        ; 0.000        ; 0.000      ; 4.318      ;
; 4.164  ; spi:m2|SCLK_CNT[0]      ; spi:m2|SCLK_CNT[3]      ; gclk         ; gclk        ; 0.000        ; 0.000      ; 4.385      ;
; 4.206  ; spi:m2|SCLK_CNT[2]      ; spi:m2|SCLK_CNT[4]      ; gclk         ; gclk        ; 0.000        ; 0.000      ; 4.427      ;
; 4.313  ; spi:m2|SCLK_CNT[3]      ; spi:m2|SCLK_CNT[4]      ; gclk         ; gclk        ; 0.000        ; 0.000      ; 4.534      ;
; 4.318  ; spi:m2|SCLK_CNT[1]      ; spi:m2|SCLK_CNT[4]      ; gclk         ; gclk        ; 0.000        ; 0.000      ; 4.539      ;
; 4.418  ; spi:m2|SCLK_CNT[0]      ; spi:m2|SCLK_CNT[4]      ; gclk         ; gclk        ; 0.000        ; 0.000      ; 4.639      ;
; 4.793  ; spi:m2|CNT[4]           ; spi:m2|DONE_CNT[0]      ; spi:m2|sclk  ; gclk        ; 0.000        ; -0.318     ; 4.696      ;
; 4.793  ; spi:m2|CNT[4]           ; spi:m2|DONE_CNT[1]      ; spi:m2|sclk  ; gclk        ; 0.000        ; -0.318     ; 4.696      ;
; 4.793  ; spi:m2|CNT[4]           ; spi:m2|DONE_CNT[4]      ; spi:m2|sclk  ; gclk        ; 0.000        ; -0.318     ; 4.696      ;
+--------+-------------------------+-------------------------+--------------+-------------+--------------+------------+------------+


+-----------------------------------------------------------------------------------------------------------------------------+
; Hold: 'spi:m2|sclk'                                                                                                         ;
+-------+-----------------------+-----------------------+--------------+-------------+--------------+------------+------------+
; Slack ; From Node             ; To Node               ; Launch Clock ; Latch Clock ; Relationship ; Clock Skew ; Data Delay ;
+-------+-----------------------+-----------------------+--------------+-------------+--------------+------------+------------+
; 2.048 ; spi:m2|DATA_SHIFT[15] ; spi:m2|mosi~reg0      ; spi:m2|sclk  ; spi:m2|sclk ; 0.000        ; 0.000      ; 2.269      ;
; 2.162 ; spi:m2|CNT[5]         ; spi:m2|CNT[5]         ; spi:m2|sclk  ; spi:m2|sclk ; 0.000        ; 0.000      ; 2.383      ;
; 2.163 ; spi:m2|CNT[0]         ; spi:m2|CNT[0]         ; spi:m2|sclk  ; spi:m2|sclk ; 0.000        ; 0.000      ; 2.384      ;
; 2.239 ; spi:m2|DATA_SHIFT[2]  ; spi:m2|DATA_SHIFT[3]  ; spi:m2|sclk  ; spi:m2|sclk ; 0.000        ; 0.000      ; 2.460      ;
; 2.241 ; spi:m2|CNT[1]         ; spi:m2|CNT[1]         ; spi:m2|sclk  ; spi:m2|sclk ; 0.000        ; 0.000      ; 2.462      ;
; 2.246 ; spi:m2|DATA_SHIFT[3]  ; spi:m2|DATA_SHIFT[4]  ; spi:m2|sclk  ; spi:m2|sclk ; 0.000        ; 0.000      ; 2.467      ;
; 2.273 ; spi:m2|CNT[2]         ; spi:m2|CNT[2]         ; spi:m2|sclk  ; spi:m2|sclk ; 0.000        ; 0.000      ; 2.494      ;
; 2.285 ; spi:m2|CNT[4]         ; spi:m2|CNT[4]         ; spi:m2|sclk  ; spi:m2|sclk ; 0.000        ; 0.000      ; 2.506      ;
; 2.512 ; spi:m2|DATA_SHIFT[5]  ; spi:m2|DATA_SHIFT[5]  ; spi:m2|sclk  ; spi:m2|sclk ; 0.000        ; 0.000      ; 2.733      ;
; 2.602 ; spi:m2|DATA_SHIFT[7]  ; spi:m2|DATA_SHIFT[8]  ; spi:m2|sclk  ; spi:m2|sclk ; 0.000        ; 0.000      ; 2.823      ;
; 2.607 ; spi:m2|DATA_SHIFT[5]  ; spi:m2|DATA_SHIFT[6]  ; spi:m2|sclk  ; spi:m2|sclk ; 0.000        ; 0.000      ; 2.828      ;
; 2.619 ; spi:m2|CNT[3]         ; spi:m2|CNT[3]         ; spi:m2|sclk  ; spi:m2|sclk ; 0.000        ; 0.000      ; 2.840      ;
; 2.635 ; spi:m2|CNT[0]         ; spi:m2|DATA_SHIFT[14] ; spi:m2|sclk  ; spi:m2|sclk ; 0.000        ; 0.000      ; 2.856      ;
; 2.663 ; spi:m2|DATA_SHIFT[9]  ; spi:m2|DATA_SHIFT[10] ; spi:m2|sclk  ; spi:m2|sclk ; 0.000        ; 0.000      ; 2.884      ;
; 2.667 ; spi:m2|DATA_SHIFT[14] ; spi:m2|DATA_SHIFT[15] ; spi:m2|sclk  ; spi:m2|sclk ; 0.000        ; 0.000      ; 2.888      ;
; 2.690 ; spi:m2|CNT[5]         ; spi:m2|mosi~en        ; spi:m2|sclk  ; spi:m2|sclk ; 0.000        ; 0.000      ; 2.911      ;
; 2.692 ; spi:m2|DATA_SHIFT[1]  ; spi:m2|DATA_SHIFT[1]  ; spi:m2|sclk  ; spi:m2|sclk ; 0.000        ; 0.000      ; 2.913      ;
; 2.693 ; spi:m2|DATA_SHIFT[4]  ; spi:m2|DATA_SHIFT[4]  ; spi:m2|sclk  ; spi:m2|sclk ; 0.000        ; 0.000      ; 2.914      ;
; 2.737 ; spi:m2|DATA_SHIFT[7]  ; spi:m2|DATA_SHIFT[7]  ; spi:m2|sclk  ; spi:m2|sclk ; 0.000        ; 0.000      ; 2.958      ;
; 2.803 ; spi:m2|DATA_SHIFT[13] ; spi:m2|DATA_SHIFT[14] ; spi:m2|sclk  ; spi:m2|sclk ; 0.000        ; 0.000      ; 3.024      ;
; 2.840 ; spi:m2|DATA_SHIFT[6]  ; spi:m2|DATA_SHIFT[6]  ; spi:m2|sclk  ; spi:m2|sclk ; 0.000        ; 0.000      ; 3.061      ;
; 2.860 ; spi:m2|DATA_SHIFT[2]  ; spi:m2|DATA_SHIFT[2]  ; spi:m2|sclk  ; spi:m2|sclk ; 0.000        ; 0.000      ; 3.081      ;
; 2.862 ; spi:m2|WORK           ; spi:m2|CNT[3]         ; gclk         ; spi:m2|sclk ; 0.000        ; 0.318      ; 3.401      ;
; 2.862 ; spi:m2|WORK           ; spi:m2|CNT[0]         ; gclk         ; spi:m2|sclk ; 0.000        ; 0.318      ; 3.401      ;
; 2.862 ; spi:m2|WORK           ; spi:m2|CNT[5]         ; gclk         ; spi:m2|sclk ; 0.000        ; 0.318      ; 3.401      ;
; 2.862 ; spi:m2|WORK           ; spi:m2|CNT[2]         ; gclk         ; spi:m2|sclk ; 0.000        ; 0.318      ; 3.401      ;
; 2.862 ; spi:m2|WORK           ; spi:m2|CNT[1]         ; gclk         ; spi:m2|sclk ; 0.000        ; 0.318      ; 3.401      ;
; 2.862 ; spi:m2|WORK           ; spi:m2|CNT[4]         ; gclk         ; spi:m2|sclk ; 0.000        ; 0.318      ; 3.401      ;
; 2.869 ; spi:m2|DATA_SHIFT[3]  ; spi:m2|DATA_SHIFT[3]  ; spi:m2|sclk  ; spi:m2|sclk ; 0.000        ; 0.000      ; 3.090      ;
; 2.995 ; spi:m2|CNT[0]         ; spi:m2|CNT[1]         ; spi:m2|sclk  ; spi:m2|sclk ; 0.000        ; 0.000      ; 3.216      ;
; 3.073 ; spi:m2|DATA_SHIFT[12] ; spi:m2|DATA_SHIFT[12] ; spi:m2|sclk  ; spi:m2|sclk ; 0.000        ; 0.000      ; 3.294      ;
; 3.106 ; spi:m2|CNT[0]         ; spi:m2|CNT[2]         ; spi:m2|sclk  ; spi:m2|sclk ; 0.000        ; 0.000      ; 3.327      ;
; 3.144 ; spi:m2|CNT[4]         ; spi:m2|mosi~en        ; spi:m2|sclk  ; spi:m2|sclk ; 0.000        ; 0.000      ; 3.365      ;
; 3.181 ; spi:m2|CNT[1]         ; spi:m2|CNT[2]         ; spi:m2|sclk  ; spi:m2|sclk ; 0.000        ; 0.000      ; 3.402      ;
; 3.200 ; spi:m2|DATA_SHIFT[8]  ; spi:m2|DATA_SHIFT[8]  ; spi:m2|sclk  ; spi:m2|sclk ; 0.000        ; 0.000      ; 3.421      ;
; 3.222 ; spi:m2|DATA_SHIFT[1]  ; spi:m2|DATA_SHIFT[2]  ; spi:m2|sclk  ; spi:m2|sclk ; 0.000        ; 0.000      ; 3.443      ;
; 3.223 ; spi:m2|DATA_SHIFT[8]  ; spi:m2|DATA_SHIFT[9]  ; spi:m2|sclk  ; spi:m2|sclk ; 0.000        ; 0.000      ; 3.444      ;
; 3.225 ; spi:m2|CNT[4]         ; spi:m2|CNT[5]         ; spi:m2|sclk  ; spi:m2|sclk ; 0.000        ; 0.000      ; 3.446      ;
; 3.300 ; spi:m2|DATA_SHIFT[12] ; spi:m2|DATA_SHIFT[13] ; spi:m2|sclk  ; spi:m2|sclk ; 0.000        ; 0.000      ; 3.521      ;
; 3.348 ; spi:m2|DATA_SHIFT[6]  ; spi:m2|DATA_SHIFT[7]  ; spi:m2|sclk  ; spi:m2|sclk ; 0.000        ; 0.000      ; 3.569      ;
; 3.405 ; spi:m2|CNT[5]         ; spi:m2|DATA_SHIFT[14] ; spi:m2|sclk  ; spi:m2|sclk ; 0.000        ; 0.000      ; 3.626      ;
; 3.409 ; spi:m2|done           ; spi:m2|DATA_SHIFT[14] ; gclk         ; spi:m2|sclk ; 0.000        ; 0.318      ; 3.948      ;
; 3.409 ; spi:m2|done           ; spi:m2|mosi~en        ; gclk         ; spi:m2|sclk ; 0.000        ; 0.318      ; 3.948      ;
; 3.409 ; spi:m2|done           ; spi:m2|mosi~reg0      ; gclk         ; spi:m2|sclk ; 0.000        ; 0.318      ; 3.948      ;
; 3.514 ; spi:m2|SPI_CNT[5]     ; spi:m2|DATA_SHIFT[7]  ; gclk         ; spi:m2|sclk ; 0.000        ; 0.318      ; 4.053      ;
; 3.522 ; spi:m2|DATA_SHIFT[11] ; spi:m2|DATA_SHIFT[11] ; spi:m2|sclk  ; spi:m2|sclk ; 0.000        ; 0.000      ; 3.743      ;
; 3.533 ; spi:m2|SPI_CNT[3]     ; spi:m2|DATA_SHIFT[7]  ; gclk         ; spi:m2|sclk ; 0.000        ; 0.318      ; 4.072      ;
; 3.534 ; spi:m2|CNT[2]         ; spi:m2|CNT[3]         ; spi:m2|sclk  ; spi:m2|sclk ; 0.000        ; 0.000      ; 3.755      ;
; 3.534 ; spi:m2|CNT[2]         ; spi:m2|CNT[5]         ; spi:m2|sclk  ; spi:m2|sclk ; 0.000        ; 0.000      ; 3.755      ;
; 3.534 ; spi:m2|CNT[2]         ; spi:m2|CNT[4]         ; spi:m2|sclk  ; spi:m2|sclk ; 0.000        ; 0.000      ; 3.755      ;
; 3.543 ; spi:m2|DATA_SHIFT[10] ; spi:m2|DATA_SHIFT[10] ; spi:m2|sclk  ; spi:m2|sclk ; 0.000        ; 0.000      ; 3.764      ;
; 3.559 ; spi:m2|CNT[3]         ; spi:m2|CNT[4]         ; spi:m2|sclk  ; spi:m2|sclk ; 0.000        ; 0.000      ; 3.780      ;
; 3.575 ; spi:m2|CNT[0]         ; spi:m2|CNT[3]         ; spi:m2|sclk  ; spi:m2|sclk ; 0.000        ; 0.000      ; 3.796      ;
; 3.575 ; spi:m2|CNT[0]         ; spi:m2|CNT[5]         ; spi:m2|sclk  ; spi:m2|sclk ; 0.000        ; 0.000      ; 3.796      ;
; 3.575 ; spi:m2|CNT[0]         ; spi:m2|CNT[4]         ; spi:m2|sclk  ; spi:m2|sclk ; 0.000        ; 0.000      ; 3.796      ;
; 3.646 ; spi:m2|SPI_CNT[5]     ; spi:m2|DATA_SHIFT[1]  ; gclk         ; spi:m2|sclk ; 0.000        ; 0.318      ; 4.185      ;
; 3.650 ; spi:m2|CNT[1]         ; spi:m2|CNT[3]         ; spi:m2|sclk  ; spi:m2|sclk ; 0.000        ; 0.000      ; 3.871      ;
; 3.650 ; spi:m2|CNT[1]         ; spi:m2|CNT[5]         ; spi:m2|sclk  ; spi:m2|sclk ; 0.000        ; 0.000      ; 3.871      ;
; 3.650 ; spi:m2|CNT[1]         ; spi:m2|CNT[4]         ; spi:m2|sclk  ; spi:m2|sclk ; 0.000        ; 0.000      ; 3.871      ;
; 3.670 ; spi:m2|CNT[3]         ; spi:m2|CNT[5]         ; spi:m2|sclk  ; spi:m2|sclk ; 0.000        ; 0.000      ; 3.891      ;
; 3.679 ; spi:m2|DATA_SHIFT[14] ; spi:m2|DATA_SHIFT[14] ; spi:m2|sclk  ; spi:m2|sclk ; 0.000        ; 0.000      ; 3.900      ;
; 3.751 ; spi:m2|DATA_SHIFT[4]  ; spi:m2|DATA_SHIFT[5]  ; spi:m2|sclk  ; spi:m2|sclk ; 0.000        ; 0.000      ; 3.972      ;
; 3.754 ; spi:m2|CNT[1]         ; spi:m2|mosi~en        ; spi:m2|sclk  ; spi:m2|sclk ; 0.000        ; 0.000      ; 3.975      ;
; 3.803 ; spi:m2|SPI_CNT[2]     ; spi:m2|DATA_SHIFT[5]  ; gclk         ; spi:m2|sclk ; 0.000        ; 0.318      ; 4.342      ;
; 3.823 ; spi:m2|DATA_SHIFT[10] ; spi:m2|DATA_SHIFT[11] ; spi:m2|sclk  ; spi:m2|sclk ; 0.000        ; 0.000      ; 4.044      ;
; 3.854 ; spi:m2|DATA_SHIFT[11] ; spi:m2|DATA_SHIFT[12] ; spi:m2|sclk  ; spi:m2|sclk ; 0.000        ; 0.000      ; 4.075      ;
; 3.863 ; spi:m2|SPI_CNT[4]     ; spi:m2|DATA_SHIFT[7]  ; gclk         ; spi:m2|sclk ; 0.000        ; 0.318      ; 4.402      ;
; 3.867 ; spi:m2|SPI_CNT[1]     ; spi:m2|DATA_SHIFT[7]  ; gclk         ; spi:m2|sclk ; 0.000        ; 0.318      ; 4.406      ;
; 3.872 ; spi:m2|SPI_CNT[5]     ; spi:m2|DATA_SHIFT[12] ; gclk         ; spi:m2|sclk ; 0.000        ; 0.318      ; 4.411      ;
; 3.886 ; spi:m2|CNT[4]         ; spi:m2|DATA_SHIFT[14] ; spi:m2|sclk  ; spi:m2|sclk ; 0.000        ; 0.000      ; 4.107      ;
; 3.919 ; spi:m2|WORK           ; spi:m2|DATA_SHIFT[14] ; gclk         ; spi:m2|sclk ; 0.000        ; 0.318      ; 4.458      ;
; 3.919 ; spi:m2|WORK           ; spi:m2|mosi~en        ; gclk         ; spi:m2|sclk ; 0.000        ; 0.318      ; 4.458      ;
; 3.919 ; spi:m2|WORK           ; spi:m2|mosi~reg0      ; gclk         ; spi:m2|sclk ; 0.000        ; 0.318      ; 4.458      ;
; 3.963 ; spi:m2|SPI_CNT[2]     ; spi:m2|DATA_SHIFT[1]  ; gclk         ; spi:m2|sclk ; 0.000        ; 0.318      ; 4.502      ;
; 3.995 ; spi:m2|SPI_CNT[4]     ; spi:m2|DATA_SHIFT[1]  ; gclk         ; spi:m2|sclk ; 0.000        ; 0.318      ; 4.534      ;
; 4.027 ; spi:m2|SPI_CNT[2]     ; spi:m2|DATA_SHIFT[12] ; gclk         ; spi:m2|sclk ; 0.000        ; 0.318      ; 4.566      ;
; 4.034 ; spi:m2|SPI_CNT[3]     ; spi:m2|DATA_SHIFT[6]  ; gclk         ; spi:m2|sclk ; 0.000        ; 0.318      ; 4.573      ;
; 4.062 ; spi:m2|CNT[0]         ; spi:m2|DATA_SHIFT[13] ; spi:m2|sclk  ; spi:m2|sclk ; 0.000        ; 0.000      ; 4.283      ;
; 4.071 ; spi:m2|SPI_CNT[2]     ; spi:m2|DATA_SHIFT[7]  ; gclk         ; spi:m2|sclk ; 0.000        ; 0.318      ; 4.610      ;
; 4.136 ; spi:m2|SPI_CNT[5]     ; spi:m2|DATA_SHIFT[6]  ; gclk         ; spi:m2|sclk ; 0.000        ; 0.318      ; 4.675      ;
; 4.144 ; spi:m2|SPI_CNT[5]     ; spi:m2|DATA_SHIFT[0]  ; gclk         ; spi:m2|sclk ; 0.000        ; 0.318      ; 4.683      ;
; 4.172 ; spi:m2|DATA_SHIFT[0]  ; spi:m2|DATA_SHIFT[0]  ; spi:m2|sclk  ; spi:m2|sclk ; 0.000        ; 0.000      ; 4.393      ;
; 4.178 ; spi:m2|DATA_SHIFT[9]  ; spi:m2|DATA_SHIFT[9]  ; spi:m2|sclk  ; spi:m2|sclk ; 0.000        ; 0.000      ; 4.399      ;
; 4.210 ; spi:m2|CNT[5]         ; spi:m2|DATA_SHIFT[9]  ; spi:m2|sclk  ; spi:m2|sclk ; 0.000        ; 0.000      ; 4.431      ;
; 4.215 ; spi:m2|CNT[3]         ; spi:m2|mosi~en        ; spi:m2|sclk  ; spi:m2|sclk ; 0.000        ; 0.000      ; 4.436      ;
; 4.221 ; spi:m2|SPI_CNT[4]     ; spi:m2|DATA_SHIFT[12] ; gclk         ; spi:m2|sclk ; 0.000        ; 0.318      ; 4.760      ;
; 4.287 ; spi:m2|SPI_CNT[4]     ; spi:m2|DATA_SHIFT[6]  ; gclk         ; spi:m2|sclk ; 0.000        ; 0.318      ; 4.826      ;
; 4.294 ; spi:m2|SPI_CNT[5]     ; spi:m2|DATA_SHIFT[3]  ; gclk         ; spi:m2|sclk ; 0.000        ; 0.318      ; 4.833      ;
; 4.294 ; spi:m2|SPI_CNT[5]     ; spi:m2|DATA_SHIFT[4]  ; gclk         ; spi:m2|sclk ; 0.000        ; 0.318      ; 4.833      ;
; 4.300 ; spi:m2|SPI_CNT[5]     ; spi:m2|DATA_SHIFT[2]  ; gclk         ; spi:m2|sclk ; 0.000        ; 0.318      ; 4.839      ;
; 4.315 ; spi:m2|CNT[0]         ; spi:m2|DATA_SHIFT[5]  ; spi:m2|sclk  ; spi:m2|sclk ; 0.000        ; 0.000      ; 4.536      ;
; 4.319 ; spi:m2|SPI_CNT[1]     ; spi:m2|DATA_SHIFT[1]  ; gclk         ; spi:m2|sclk ; 0.000        ; 0.318      ; 4.858      ;
; 4.335 ; spi:m2|SPI_CNT[3]     ; spi:m2|DATA_SHIFT[5]  ; gclk         ; spi:m2|sclk ; 0.000        ; 0.318      ; 4.874      ;
; 4.337 ; spi:m2|CNT[4]         ; spi:m2|DATA_SHIFT[13] ; spi:m2|sclk  ; spi:m2|sclk ; 0.000        ; 0.000      ; 4.558      ;
; 4.345 ; spi:m2|SPI_CNT[3]     ; spi:m2|DATA_SHIFT[10] ; gclk         ; spi:m2|sclk ; 0.000        ; 0.318      ; 4.884      ;
; 4.380 ; spi:m2|SPI_CNT[1]     ; spi:m2|DATA_SHIFT[12] ; gclk         ; spi:m2|sclk ; 0.000        ; 0.318      ; 4.919      ;
; 4.381 ; spi:m2|CNT[0]         ; spi:m2|DATA_SHIFT[9]  ; spi:m2|sclk  ; spi:m2|sclk ; 0.000        ; 0.000      ; 4.602      ;
; 4.396 ; spi:m2|SPI_CNT[0]     ; spi:m2|DATA_SHIFT[10] ; gclk         ; spi:m2|sclk ; 0.000        ; 0.318      ; 4.935      ;
; 4.401 ; spi:m2|SPI_CNT[3]     ; spi:m2|DATA_SHIFT[0]  ; gclk         ; spi:m2|sclk ; 0.000        ; 0.318      ; 4.940      ;
; 4.403 ; spi:m2|SPI_CNT[2]     ; spi:m2|DATA_SHIFT[6]  ; gclk         ; spi:m2|sclk ; 0.000        ; 0.318      ; 4.942      ;
+-------+-----------------------+-----------------------+--------------+-------------+--------------+------------+------------+


+-----------------------------------------------------------------------+
; Setup Transfers                                                       ;
+-------------+-------------+----------+----------+----------+----------+
; From Clock  ; To Clock    ; RR Paths ; FR Paths ; RF Paths ; FF Paths ;
+-------------+-------------+----------+----------+----------+----------+
; gclk        ; gclk        ; 127      ; 0        ; 0        ; 0        ;
; spi:m2|sclk ; gclk        ; 37       ; 1        ; 0        ; 0        ;
; gclk        ; spi:m2|sclk ; 129      ; 0        ; 0        ; 0        ;
; spi:m2|sclk ; spi:m2|sclk ; 307      ; 0        ; 0        ; 0        ;
+-------------+-------------+----------+----------+----------+----------+
Entries labeled "false path" only account for clock-to-clock false paths and not path-based false paths. As a result, actual path counts may be lower than reported.


+-----------------------------------------------------------------------+
; Hold Transfers                                                        ;
+-------------+-------------+----------+----------+----------+----------+
; From Clock  ; To Clock    ; RR Paths ; FR Paths ; RF Paths ; FF Paths ;
+-------------+-------------+----------+----------+----------+----------+
; gclk        ; gclk        ; 127      ; 0        ; 0        ; 0        ;
; spi:m2|sclk ; gclk        ; 37       ; 1        ; 0        ; 0        ;
; gclk        ; spi:m2|sclk ; 129      ; 0        ; 0        ; 0        ;
; spi:m2|sclk ; spi:m2|sclk ; 307      ; 0        ; 0        ; 0        ;
+-------------+-------------+----------+----------+----------+----------+
Entries labeled "false path" only account for clock-to-clock false paths and not path-based false paths. As a result, actual path counts may be lower than reported.


---------------
; Report TCCS ;
---------------
No dedicated SERDES Transmitter circuitry present in device or used in design


---------------
; Report RSKM ;
---------------
No non-DPA dedicated SERDES Receiver circuitry present in device or used in design


+------------------------------------------------+
; Unconstrained Paths Summary                    ;
+---------------------------------+-------+------+
; Property                        ; Setup ; Hold ;
+---------------------------------+-------+------+
; Illegal Clocks                  ; 0     ; 0    ;
; Unconstrained Clocks            ; 0     ; 0    ;
; Unconstrained Input Ports       ; 2     ; 2    ;
; Unconstrained Input Port Paths  ; 49    ; 49   ;
; Unconstrained Output Ports      ; 4     ; 4    ;
; Unconstrained Output Port Paths ; 5     ; 5    ;
+---------------------------------+-------+------+


+------------------------------------------------+
; Clock Status Summary                           ;
+-------------+-------------+------+-------------+
; Target      ; Clock       ; Type ; Status      ;
+-------------+-------------+------+-------------+
; gclk        ; gclk        ; Base ; Constrained ;
; spi:m2|sclk ; spi:m2|sclk ; Base ; Constrained ;
+-------------+-------------+------+-------------+


+---------------------------------------------------------------------------------------------------+
; Unconstrained Input Ports                                                                         ;
+------------+--------------------------------------------------------------------------------------+
; Input Port ; Comment                                                                              ;
+------------+--------------------------------------------------------------------------------------+
; miso       ; No input delay, min/max delays, false-path exceptions, or max skew assignments found ;
; rstn       ; No input delay, min/max delays, false-path exceptions, or max skew assignments found ;
+------------+--------------------------------------------------------------------------------------+


+-----------------------------------------------------------------------------------------------------+
; Unconstrained Output Ports                                                                          ;
+-------------+---------------------------------------------------------------------------------------+
; Output Port ; Comment                                                                               ;
+-------------+---------------------------------------------------------------------------------------+
; ct          ; No output delay, min/max delays, false-path exceptions, or max skew assignments found ;
; mosi        ; No output delay, min/max delays, false-path exceptions, or max skew assignments found ;
; nss         ; No output delay, min/max delays, false-path exceptions, or max skew assignments found ;
; sclk        ; No output delay, min/max delays, false-path exceptions, or max skew assignments found ;
+-------------+---------------------------------------------------------------------------------------+


+---------------------------------------------------------------------------------------------------+
; Unconstrained Input Ports                                                                         ;
+------------+--------------------------------------------------------------------------------------+
; Input Port ; Comment                                                                              ;
+------------+--------------------------------------------------------------------------------------+
; miso       ; No input delay, min/max delays, false-path exceptions, or max skew assignments found ;
; rstn       ; No input delay, min/max delays, false-path exceptions, or max skew assignments found ;
+------------+--------------------------------------------------------------------------------------+


+-----------------------------------------------------------------------------------------------------+
; Unconstrained Output Ports                                                                          ;
+-------------+---------------------------------------------------------------------------------------+
; Output Port ; Comment                                                                               ;
+-------------+---------------------------------------------------------------------------------------+
; ct          ; No output delay, min/max delays, false-path exceptions, or max skew assignments found ;
; mosi        ; No output delay, min/max delays, false-path exceptions, or max skew assignments found ;
; nss         ; No output delay, min/max delays, false-path exceptions, or max skew assignments found ;
; sclk        ; No output delay, min/max delays, false-path exceptions, or max skew assignments found ;
+-------------+---------------------------------------------------------------------------------------+


+--------------------------+
; Timing Analyzer Messages ;
+--------------------------+
Info: *******************************************************************
Info: Running Quartus Prime Timing Analyzer
    Info: Version 18.0.0 Build 614 04/24/2018 SJ Standard Edition
    Info: Processing started: Mon Mar 06 14:27:34 2023
Info: Command: quartus_sta ultrasonic_sensor3_1 -c ultrasonic_sensor3_1
Info: qsta_default_script.tcl version: #2
Warning (18236): Number of processors has not been specified which may cause overloading on shared machines.  Set the global assignment NUM_PARALLEL_PROCESSORS in your QSF to an appropriate value for best performance.
Info (20030): Parallel compilation is enabled and will use 4 of the 4 processors detected
Info (21077): Low junction temperature is 0 degrees C
Info (21077): High junction temperature is 85 degrees C
Info (334003): Started post-fitting delay annotation
Info (334004): Delay annotation completed successfully
Critical Warning (332012): Synopsys Design Constraints File file not found: 'ultrasonic_sensor3_1.sdc'. A Synopsys Design Constraints File is required by the Timing Analyzer to get proper timing constraints. Without it, the Compiler will not properly optimize the design.
Info (332142): No user constrained base clocks found in the design. Calling "derive_clocks -period 1.0"
Info (332105): Deriving Clocks
    Info (332105): create_clock -period 1.000 -name gclk gclk
    Info (332105): create_clock -period 1.000 -name spi:m2|sclk spi:m2|sclk
Info: Found TIMING_ANALYZER_REPORT_SCRIPT_INCLUDE_DEFAULT_ANALYSIS = ON
Info: Can't run Report Timing Closure Recommendations. The current device family is not supported.
Critical Warning (332148): Timing requirements not met
Info (332146): Worst-case setup slack is -6.192
    Info (332119):     Slack       End Point TNS Clock 
    Info (332119): ========= =================== =====================
    Info (332119):    -6.192            -118.772 spi:m2|sclk 
    Info (332119):    -5.012             -82.706 gclk 
Info (332146): Worst-case hold slack is -1.617
    Info (332119):     Slack       End Point TNS Clock 
    Info (332119): ========= =================== =====================
    Info (332119):    -1.617              -1.617 gclk 
    Info (332119):     2.048               0.000 spi:m2|sclk 
Info (332140): No Recovery paths to report
Info (332140): No Removal paths to report
Info (332146): Worst-case minimum pulse width slack is -2.289
    Info (332119):     Slack       End Point TNS Clock 
    Info (332119): ========= =================== =====================
    Info (332119):    -2.289              -2.289 gclk 
    Info (332119):     0.234               0.000 spi:m2|sclk 
Info (332001): The selected device family is not supported by the report_metastability command.
Info (332102): Design is not fully constrained for setup requirements
Info (332102): Design is not fully constrained for hold requirements
Info: Quartus Prime Timing Analyzer was successful. 0 errors, 3 warnings
    Info: Peak virtual memory: 4664 megabytes
    Info: Processing ended: Mon Mar 06 14:27:35 2023
    Info: Elapsed time: 00:00:01
    Info: Total CPU time (on all processors): 00:00:01


